Archive member included to satisfy reference by file (symbol)

C:/Program Files (x86)/Arm GNU Toolchain arm-none-eabi/14.2 rel1/bin/../lib/gcc/arm-none-eabi/14.2.1/thumb/v8-m.main+fp/softfp\libm.a(libm_a-wf_sqrt.o)
                              CMakeFiles/electronic_tuner.dir/C_/Users/vigwe/.pico-sdk/sdk/2.2.0/src/rp2_common/pico_float/float_math.c.obj (sqrtf)
C:/Program Files (x86)/Arm GNU Toolchain arm-none-eabi/14.2 rel1/bin/../lib/gcc/arm-none-eabi/14.2.1/thumb/v8-m.main+fp/softfp\libm.a(libm_a-ef_sqrt.o)
                              C:/Program Files (x86)/Arm GNU Toolchain arm-none-eabi/14.2 rel1/bin/../lib/gcc/arm-none-eabi/14.2.1/thumb/v8-m.main+fp/softfp\libm.a(libm_a-wf_sqrt.o) (__ieee754_sqrtf)
C:/Program Files (x86)/Arm GNU Toolchain arm-none-eabi/14.2 rel1/bin/../lib/gcc/arm-none-eabi/14.2.1/thumb/v8-m.main+fp/softfp\libgcc.a(_arm_addsubdf3.o)
                              CMakeFiles/electronic_tuner.dir/C_/Users/vigwe/.pico-sdk/sdk/2.2.0/src/rp2_common/pico_float/float_math.c.obj (__aeabi_f2d)
C:/Program Files (x86)/Arm GNU Toolchain arm-none-eabi/14.2 rel1/bin/../lib/gcc/arm-none-eabi/14.2.1/thumb/v8-m.main+fp/softfp\libgcc.a(_aeabi_ldivmod.o)
                              CMakeFiles/electronic_tuner.dir/C_/Users/vigwe/.pico-sdk/sdk/2.2.0/src/common/pico_time/time.c.obj (__aeabi_ldivmod)
C:/Program Files (x86)/Arm GNU Toolchain arm-none-eabi/14.2 rel1/bin/../lib/gcc/arm-none-eabi/14.2.1/thumb/v8-m.main+fp/softfp\libgcc.a(_aeabi_uldivmod.o)
                              CMakeFiles/electronic_tuner.dir/C_/Users/vigwe/.pico-sdk/sdk/2.2.0/src/rp2_common/hardware_clocks/clocks.c.obj (__aeabi_uldivmod)
C:/Program Files (x86)/Arm GNU Toolchain arm-none-eabi/14.2 rel1/bin/../lib/gcc/arm-none-eabi/14.2.1/thumb/v8-m.main+fp/softfp\libgcc.a(_udivmoddi4.o)
                              C:/Program Files (x86)/Arm GNU Toolchain arm-none-eabi/14.2 rel1/bin/../lib/gcc/arm-none-eabi/14.2.1/thumb/v8-m.main+fp/softfp\libgcc.a(_aeabi_ldivmod.o) (__udivmoddi4)
C:/Program Files (x86)/Arm GNU Toolchain arm-none-eabi/14.2 rel1/bin/../lib/gcc/arm-none-eabi/14.2.1/thumb/v8-m.main+fp/softfp\libgcc.a(_dvmd_tls.o)
                              C:/Program Files (x86)/Arm GNU Toolchain arm-none-eabi/14.2 rel1/bin/../lib/gcc/arm-none-eabi/14.2.1/thumb/v8-m.main+fp/softfp\libgcc.a(_aeabi_ldivmod.o) (__aeabi_ldiv0)
C:/Program Files (x86)/Arm GNU Toolchain arm-none-eabi/14.2 rel1/bin/../lib/gcc/arm-none-eabi/14.2.1/thumb/v8-m.main+fp/softfp\libg.a(libc_a-calloc.o)
                              CMakeFiles/electronic_tuner.dir/C_/Users/vigwe/.pico-sdk/sdk/2.2.0/src/rp2_common/pico_malloc/malloc.c.obj (calloc)
C:/Program Files (x86)/Arm GNU Toolchain arm-none-eabi/14.2 rel1/bin/../lib/gcc/arm-none-eabi/14.2.1/thumb/v8-m.main+fp/softfp\libg.a(libc_a-callocr.o)
                              C:/Program Files (x86)/Arm GNU Toolchain arm-none-eabi/14.2 rel1/bin/../lib/gcc/arm-none-eabi/14.2.1/thumb/v8-m.main+fp/softfp\libg.a(libc_a-calloc.o) (_calloc_r)
C:/Program Files (x86)/Arm GNU Toolchain arm-none-eabi/14.2 rel1/bin/../lib/gcc/arm-none-eabi/14.2.1/thumb/v8-m.main+fp/softfp\libg.a(libc_a-malloc.o)
                              CMakeFiles/electronic_tuner.dir/C_/Users/vigwe/.pico-sdk/sdk/2.2.0/src/rp2_common/pico_malloc/malloc.c.obj (malloc)
C:/Program Files (x86)/Arm GNU Toolchain arm-none-eabi/14.2 rel1/bin/../lib/gcc/arm-none-eabi/14.2.1/thumb/v8-m.main+fp/softfp\libg.a(libc_a-mallocr.o)
                              C:/Program Files (x86)/Arm GNU Toolchain arm-none-eabi/14.2 rel1/bin/../lib/gcc/arm-none-eabi/14.2.1/thumb/v8-m.main+fp/softfp\libg.a(libc_a-callocr.o) (_malloc_r)
C:/Program Files (x86)/Arm GNU Toolchain arm-none-eabi/14.2 rel1/bin/../lib/gcc/arm-none-eabi/14.2.1/thumb/v8-m.main+fp/softfp\libg.a(libc_a-mlock.o)
                              C:/Program Files (x86)/Arm GNU Toolchain arm-none-eabi/14.2 rel1/bin/../lib/gcc/arm-none-eabi/14.2.1/thumb/v8-m.main+fp/softfp\libg.a(libc_a-mallocr.o) (__malloc_lock)
C:/Program Files (x86)/Arm GNU Toolchain arm-none-eabi/14.2 rel1/bin/../lib/gcc/arm-none-eabi/14.2.1/thumb/v8-m.main+fp/softfp\libg.a(libc_a-rand.o)
                              CMakeFiles/electronic_tuner.dir/electronic_tuner.c.obj (rand)
C:/Program Files (x86)/Arm GNU Toolchain arm-none-eabi/14.2 rel1/bin/../lib/gcc/arm-none-eabi/14.2.1/thumb/v8-m.main+fp/softfp\libg.a(libc_a-realloc.o)
                              CMakeFiles/electronic_tuner.dir/C_/Users/vigwe/.pico-sdk/sdk/2.2.0/src/rp2_common/pico_malloc/malloc.c.obj (realloc)
C:/Program Files (x86)/Arm GNU Toolchain arm-none-eabi/14.2 rel1/bin/../lib/gcc/arm-none-eabi/14.2.1/thumb/v8-m.main+fp/softfp\libg.a(libc_a-reallocr.o)
                              C:/Program Files (x86)/Arm GNU Toolchain arm-none-eabi/14.2 rel1/bin/../lib/gcc/arm-none-eabi/14.2.1/thumb/v8-m.main+fp/softfp\libg.a(libc_a-realloc.o) (_realloc_r)
[...]
Memory Configuration

Name             Origin             Length             Attributes
FLASH            0x10000000         0x00400000         xr
RAM              0x20000000         0x00080000         xrw
SCRATCH_X        0x20080000         0x00001000         xrw
SCRATCH_Y        0x20081000         0x00001000         xrw
*default*        0x00000000         0xffffffff

Linker script and memory map

LOAD C:/Program Files (x86)/Arm GNU Toolchain arm-none-eabi/14.2 rel1/bin/../lib/gcc/arm-none-eabi/14.2.1/thumb/v8-m.main+fp/softfp/crti.o
LOAD C:/Program Files (x86)/Arm GNU Toolchain arm-none-eabi/14.2 rel1/bin/../lib/gcc/arm-none-eabi/14.2.1/thumb/v8-m.main+fp/softfp/crtbegin.o
LOAD C:/Program Files (x86)/Arm GNU Toolchain arm-none-eabi/14.2 rel1/bin/../lib/gcc/arm-none-eabi/14.2.1/thumb/v8-m.main+fp/softfp/crt0.o

.flash_begin    0x10000000        0x0
                0x10000000                        __flash_binary_start = .

.text           0x10000000     0x8078
                0x10000000                        __logical_binary_start = .
 *(.vectors)
 .vectors       0x10000000      0x124 CMakeFiles/electronic_tuner.dir/C_/Users/vigwe/.pico-sdk/sdk/2.2.0/src/rp2_common/pico_crt0/crt0.S.obj
                0x10000000                __VECTOR_TABLE
                0x10000000                __vectors
                0x10000110                __unhandled_user_irq
                0x10000110                isr_irq49
                0x10000110                isr_irq13
                0x10000110                isr_irq43
                0x10000110                isr_irq45
                0x10000110                isr_irq27
                0x10000110                isr_irq32
                0x10000110                isr_irq31
                0x10000110                isr_irq12
                0x10000110                isr_irq5
                0x10000110                isr_irq11
                0x10000110                isr_irq3
                0x10000110                isr_irq23
                0x10000110                isr_usagefault
                0x10000110                isr_irq48
                0x10000110                isr_irq30
                0x10000110                isr_irq18
                0x10000110                isr_irq50
                0x10000110                isr_irq33
                0x10000110                isr_irq40
                0x10000110                isr_irq28
                0x10000110                isr_irq19
                0x10000110                isr_irq36
                0x10000110                isr_irq41
                0x10000110                isr_irq0
                0x10000110                isr_irq6
                0x10000110                isr_irq26
                0x10000110                isr_irq29
                0x10000110                isr_memmanage
                0x10000110                isr_irq37
                0x10000110                isr_irq42
                0x10000110                isr_irq22
                0x10000110                isr_irq35
                0x10000110                isr_irq17
                0x10000110                isr_irq38
                0x10000110                isr_irq14
                0x10000110                __vectors_end
                0x10000110                __default_isrs_start
                0x10000110                isr_irq2
                0x10000110                isr_irq10
                0x10000110                isr_irq8
                0x10000110                isr_debugmonitor
                0x10000110                isr_irq24
                0x10000110                isr_irq46
                0x10000110                isr_irq1
                0x10000110                isr_irq47
                0x10000110                isr_irq51
                0x10000110                isr_irq7
                0x10000110                isr_irq21
                0x10000110                isr_irq39
                0x10000110                isr_irq20
                0x10000110                isr_irq15
                0x10000110                isr_irq25
                0x10000110                isr_irq34
                0x10000110                isr_irq44
                0x10000110                isr_securefault
                0x10000110                isr_irq4
                0x10000110                isr_busfault
                0x10000110                isr_irq16
                0x10000110                isr_irq9
                0x10000116                unhandled_user_irq_num_in_r0
                0x10000118                isr_invalid
                0x1000011a                isr_nmi
                0x1000011c                isr_hardfault
                0x1000011e                isr_svcall
                0x10000120                isr_pendsv
                0x10000122                isr_systick
                0x10000124                __default_isrs_end
 *(.binary_info_header)
 .binary_info_header
                0x10000124       0x14 CMakeFiles/electronic_tuner.dir/C_/Users/vigwe/.pico-sdk/sdk/2.2.0/src/rp2_common/pico_crt0/crt0.S.obj
                0x10000138                        __binary_info_header_end = .
 *(.embedded_block)
 .embedded_block
                0x10000138       0x14 CMakeFiles/electronic_tuner.dir/C_/Users/vigwe/.pico-sdk/sdk/2.2.0/src/rp2_common/pico_crt0/crt0.S.obj
                0x1000014c                        __embedded_block_end = .
 *(.reset)
 .reset         0x1000014c       0x98 CMakeFiles/electronic_tuner.dir/C_/Users/vigwe/.pico-sdk/sdk/2.2.0/src/rp2_common/pico_crt0/crt0.S.obj
                0x1000014c                _entry_point
 *(.init)
 .init          0x100001e4        0x4 C:/Program Files (x86)/Arm GNU Toolchain arm-none-eabi/14.2 rel1/bin/../lib/gcc/arm-none-eabi/14.2.1/thumb/v8-m.main+fp/softfp/crti.o
                0x100001e4                _init
 *libgcc.a:cmse_nonsecure_call.o()
 *(EXCLUDE_FILE(*libm.a: *libc.a:*lib_a-mem*.o *libgcc.a:) .text*)
 .text.register_tm_clones
                0x100001e8       0x28 C:/Program Files (x86)/Arm GNU Toolchain arm-none-eabi/14.2 rel1/bin/../lib/gcc/arm-none-eabi/14.2.1/thumb/v8-m.main+fp/softfp/crtbegin.o
 .text.frame_dummy
                0x10000210       0x24 C:/Program Files (x86)/Arm GNU Toolchain arm-none-eabi/14.2 rel1/bin/../lib/gcc/arm-none-eabi/14.2.1/thumb/v8-m.main+fp/softfp/crtbegin.o
 .text.draw_5_point_star
                0x10000234       0xfc CMakeFiles/electronic_tuner.dir/electronic_tuner.c.obj
 .text.scan_i2c_bus
                0x10000330       0x80 CMakeFiles/electronic_tuner.dir/electronic_tuner.c.obj
                0x10000330                scan_i2c_bus
 .text.init_display
                0x100003b0       0x58 CMakeFiles/electronic_tuner.dir/electronic_tuner.c.obj
                0x100003b0                init_display
 .text.demo_write
                0x10000408       0x74 CMakeFiles/electronic_tuner.dir/electronic_tuner.c.obj
                0x10000408                demo_write
 .text.demo_contrast
                0x1000047c       0xb4 CMakeFiles/electronic_tuner.dir/electronic_tuner.c.obj
                0x1000047c                demo_contrast
 .text.demo_invert
                0x10000530       0x68 CMakeFiles/electronic_tuner.dir/electronic_tuner.c.obj
                0x10000530                demo_invert
 .text.demo_pixel_drawing
                0x10000598       0xa8 CMakeFiles/electronic_tuner.dir/electronic_tuner.c.obj
                0x10000598                demo_pixel_drawing
 .text.demo_lines
                0x10000640       0xb0 CMakeFiles/electronic_tuner.dir/electronic_tuner.c.obj
                0x10000640                demo_lines
 .text.demo_scaling_star
                0x100006f0       0xbc CMakeFiles/electronic_tuner.dir/electronic_tuner.c.obj
                0x100006f0                demo_scaling_star
 .text.demo_scrolling_stars
                0x100007ac       0xd4 CMakeFiles/electronic_tuner.dir/electronic_tuner.c.obj
                0x100007ac                demo_scrolling_stars
 .text.demo_rectangles
                0x10000880       0x7c CMakeFiles/electronic_tuner.dir/electronic_tuner.c.obj
                0x10000880                demo_rectangles
 .text.demo_ellipses
                0x100008fc       0xd0 CMakeFiles/electronic_tuner.dir/electronic_tuner.c.obj
                0x100008fc                demo_ellipses
 .text.demo_fills
                0x100009cc       0xdc CMakeFiles/electronic_tuner.dir/electronic_tuner.c.obj
                0x100009cc                demo_fills
 .text.demo_power_onoff
                0x10000aa8       0x70 CMakeFiles/electronic_tuner.dir/electronic_tuner.c.obj
                0x10000aa8                demo_power_onoff
 .text.demo_scroll_oversize_image
                0x10000b18       0x3c CMakeFiles/electronic_tuner.dir/electronic_tuner.c.obj
                0x10000b18                demo_scroll_oversize_image
 .text.main     0x10000b54       0xc0 CMakeFiles/electronic_tuner.dir/electronic_tuner.c.obj
                0x10000b54                main
 .text.draw_pixel
                0x10000c14       0x4a CMakeFiles/electronic_tuner.dir/pico-ssd1306/ssd1306.c.obj
 .text.fill_rect
                0x10000c5e       0x5c CMakeFiles/electronic_tuner.dir/pico-ssd1306/ssd1306.c.obj
 .text.draw_char
                0x10000cba       0x56 CMakeFiles/electronic_tuner.dir/pico-ssd1306/ssd1306.c.obj
 .text.write_command
                0x10000d10       0x22 CMakeFiles/electronic_tuner.dir/pico-ssd1306/ssd1306.c.obj
 .text.run_init_commands
                0x10000d32       0xd4 CMakeFiles/electronic_tuner.dir/pico-ssd1306/ssd1306.c.obj
 .text.ssd1306_power_off
                0x10000e06        0xa CMakeFiles/electronic_tuner.dir/pico-ssd1306/ssd1306.c.obj
                0x10000e06                ssd1306_power_off
 .text.ssd1306_power_on
                0x10000e10        0xa CMakeFiles/electronic_tuner.dir/pico-ssd1306/ssd1306.c.obj
                0x10000e10                ssd1306_power_on
 .text.ssd1306_clear
                0x10000e1a        0xe CMakeFiles/electronic_tuner.dir/pico-ssd1306/ssd1306.c.obj
                0x10000e1a                ssd1306_clear
 .text.ssd1306_invert
                0x10000e28       0x10 CMakeFiles/electronic_tuner.dir/pico-ssd1306/ssd1306.c.obj
                0x10000e28                ssd1306_invert
 .text.ssd1306_show
                0x10000e38       0x64 CMakeFiles/electronic_tuner.dir/pico-ssd1306/ssd1306.c.obj
                0x10000e38                ssd1306_show
 .text.ssd1306_contrast
                0x10000e9c       0x16 CMakeFiles/electronic_tuner.dir/pico-ssd1306/ssd1306.c.obj
                0x10000e9c                ssd1306_contrast
 .text.ssd1306_draw_pixel
                0x10000eb2        0xa CMakeFiles/electronic_tuner.dir/pico-ssd1306/ssd1306.c.obj
                0x10000eb2                ssd1306_draw_pixel
 .text.ssd1306_clear_pixel
                0x10000ebc        0xa CMakeFiles/electronic_tuner.dir/pico-ssd1306/ssd1306.c.obj
                0x10000ebc                ssd1306_clear_pixel
 .text.ssd1306_draw_line
                0x10000ec6       0xe6 CMakeFiles/electronic_tuner.dir/pico-ssd1306/ssd1306.c.obj
                0x10000ec6                ssd1306_draw_line
 .text.ssd1306_draw_rect
                0x10000fac       0x7e CMakeFiles/electronic_tuner.dir/pico-ssd1306/ssd1306.c.obj
                0x10000fac                ssd1306_draw_rect
 *fill*         0x1000102a        0x2 
 .text.ssd1306_draw_ellipse
                0x1000102c      0x21c CMakeFiles/electronic_tuner.dir/pico-ssd1306/ssd1306.c.obj
                0x1000102c                ssd1306_draw_ellipse
 .text.ssd1306_draw_circle
                0x10001248       0x10 CMakeFiles/electronic_tuner.dir/pico-ssd1306/ssd1306.c.obj
                0x10001248                ssd1306_draw_circle
 .text.ssd1306_fill_rect
                0x10001258       0x16 CMakeFiles/electronic_tuner.dir/pico-ssd1306/ssd1306.c.obj
                0x10001258                ssd1306_fill_rect
 .text.ssd1306_clear_rect
                0x1000126e       0x16 CMakeFiles/electronic_tuner.dir/pico-ssd1306/ssd1306.c.obj
                0x1000126e                ssd1306_clear_rect
 .text.ssd1306_draw_str
                0x10001284       0x4c CMakeFiles/electronic_tuner.dir/pico-ssd1306/ssd1306.c.obj
                0x10001284                ssd1306_draw_str
 .text.ssd1306_draw_image
                0x100012d0       0x64 CMakeFiles/electronic_tuner.dir/pico-ssd1306/ssd1306.c.obj
                0x100012d0                ssd1306_draw_image
 .text.ssd1306_scroll_horiz_stop
                0x10001334        0xa CMakeFiles/electronic_tuner.dir/pico-ssd1306/ssd1306.c.obj
                0x10001334                ssd1306_scroll_horiz_stop
 .text.ssd1306_init
                0x1000133e       0x40 CMakeFiles/electronic_tuner.dir/pico-ssd1306/ssd1306.c.obj
                0x1000133e                ssd1306_init
 .text.ssd1306_scroll_horiz
                0x1000137e       0x5a CMakeFiles/electronic_tuner.dir/pico-ssd1306/ssd1306.c.obj
                0x1000137e                ssd1306_scroll_horiz
 .text.ssd1306_scroll_row_vert
                0x100013d8       0x9e CMakeFiles/electronic_tuner.dir/pico-ssd1306/ssd1306.c.obj
                0x100013d8                ssd1306_scroll_row_vert
 *fill*         0x10001476        0x2 
 .text.gpio_set_function
                0x10001478       0x38 CMakeFiles/electronic_tuner.dir/C_/Users/vigwe/.pico-sdk/sdk/2.2.0/src/rp2_common/hardware_gpio/gpio.c.obj
                0x10001478                gpio_set_function
 .text.gpio_set_pulls
                0x100014b0       0x38 CMakeFiles/electronic_tuner.dir/C_/Users/vigwe/.pico-sdk/sdk/2.2.0/src/rp2_common/hardware_gpio/gpio.c.obj
                0x100014b0                gpio_set_pulls
 .text.gpio_init
                0x100014e8       0x16 CMakeFiles/electronic_tuner.dir/C_/Users/vigwe/.pico-sdk/sdk/2.2.0/src/rp2_common/hardware_gpio/gpio.c.obj
                0x100014e8                gpio_init
 *fill*         0x100014fe        0x2 
 .text.panic    0x10001500       0x30 CMakeFiles/electronic_tuner.dir/C_/Users/vigwe/.pico-sdk/sdk/2.2.0/src/rp2_common/pico_platform_panic/panic.c.obj
                0x10001500                panic
 .text.hw_claim_lock
                0x10001530       0x24 CMakeFiles/electronic_tuner.dir/C_/Users/vigwe/.pico-sdk/sdk/2.2.0/src/common/hardware_claim/claim.c.obj
                0x10001530                hw_claim_lock
 .text.hw_claim_unlock
                0x10001554       0x14 CMakeFiles/electronic_tuner.dir/C_/Users/vigwe/.pico-sdk/sdk/2.2.0/src/common/hardware_claim/claim.c.obj
                0x10001554                hw_claim_unlock
 .text.hw_claim_or_assert
                0x10001568       0x32 CMakeFiles/electronic_tuner.dir/C_/Users/vigwe/.pico-sdk/sdk/2.2.0/src/common/hardware_claim/claim.c.obj
                0x10001568                hw_claim_or_assert
 .text.hw_claim_unused_from_range
                0x1000159a       0x4e CMakeFiles/electronic_tuner.dir/C_/Users/vigwe/.pico-sdk/sdk/2.2.0/src/common/hardware_claim/claim.c.obj
                0x1000159a                hw_claim_unused_from_range
 .text.next_striped_spin_lock_num
                0x100015e8       0x1c CMakeFiles/electronic_tuner.dir/C_/Users/vigwe/.pico-sdk/sdk/2.2.0/src/rp2_common/hardware_sync/sync.c.obj
                0x100015e8                next_striped_spin_lock_num
 .text.spin_lock_claim_unused
                0x10001604       0x24 CMakeFiles/electronic_tuner.dir/C_/Users/vigwe/.pico-sdk/sdk/2.2.0/src/rp2_common/hardware_sync/sync.c.obj
                0x10001604                spin_lock_claim_unused
 .text.spinlock_set_extexclall
                0x10001628        0xe CMakeFiles/electronic_tuner.dir/C_/Users/vigwe/.pico-sdk/sdk/2.2.0/src/rp2_common/hardware_sync_spin_lock/sync_spin_lock.c.obj
 *fill*         0x10001636        0x2 
 .text.spin_locks_reset
                0x10001638       0x1c CMakeFiles/electronic_tuner.dir/C_/Users/vigwe/.pico-sdk/sdk/2.2.0/src/rp2_common/hardware_sync_spin_lock/sync_spin_lock.c.obj
                0x10001638                spin_locks_reset
 .text.set_raw_irq_handler_and_unlock
                0x10001654       0x24 CMakeFiles/electronic_tuner.dir/C_/Users/vigwe/.pico-sdk/sdk/2.2.0/src/rp2_common/hardware_irq/irq.c.obj
 .text.nvic_ipr0
                0x10001678        0x8 CMakeFiles/electronic_tuner.dir/C_/Users/vigwe/.pico-sdk/sdk/2.2.0/src/rp2_common/hardware_irq/irq.c.obj
 .text.runtime_init_per_core_irq_priorities
                0x10001680       0x1c CMakeFiles/electronic_tuner.dir/C_/Users/vigwe/.pico-sdk/sdk/2.2.0/src/rp2_common/hardware_irq/irq.c.obj
                0x10001680                runtime_init_per_core_irq_priorities
 .text.resolve_j_16
                0x1000169c       0x40 CMakeFiles/electronic_tuner.dir/C_/Users/vigwe/.pico-sdk/sdk/2.2.0/src/rp2_common/hardware_irq/irq.c.obj
 .text.make_j_16
                0x100016dc       0x3c CMakeFiles/electronic_tuner.dir/C_/Users/vigwe/.pico-sdk/sdk/2.2.0/src/rp2_common/hardware_irq/irq.c.obj
 .text.irq_is_enabled
                0x10001718       0x20 CMakeFiles/electronic_tuner.dir/C_/Users/vigwe/.pico-sdk/sdk/2.2.0/src/rp2_common/hardware_irq/irq.c.obj
                0x10001718                irq_is_enabled
 .text.irq_set_mask_n_enabled
                0x10001738       0x20 CMakeFiles/electronic_tuner.dir/C_/Users/vigwe/.pico-sdk/sdk/2.2.0/src/rp2_common/hardware_irq/irq.c.obj
                0x10001738                irq_set_mask_n_enabled
 .text.irq_set_enabled
                0x10001758       0x14 CMakeFiles/electronic_tuner.dir/C_/Users/vigwe/.pico-sdk/sdk/2.2.0/src/rp2_common/hardware_irq/irq.c.obj
                0x10001758                irq_set_enabled
 .text.irq_set_pending
                0x1000176c       0x18 CMakeFiles/electronic_tuner.dir/C_/Users/vigwe/.pico-sdk/sdk/2.2.0/src/rp2_common/hardware_irq/irq.c.obj
                0x1000176c                irq_set_pending
 .text.irq_get_vtable_handler
                0x10001784       0x10 CMakeFiles/electronic_tuner.dir/C_/Users/vigwe/.pico-sdk/sdk/2.2.0/src/rp2_common/hardware_irq/irq.c.obj
                0x10001784                irq_get_vtable_handler
 .text.irq_has_shared_handler
                0x10001794       0x18 CMakeFiles/electronic_tuner.dir/C_/Users/vigwe/.pico-sdk/sdk/2.2.0/src/rp2_common/hardware_irq/irq.c.obj
                0x10001794                irq_has_shared_handler
 .text.irq_set_exclusive_handler
                0x100017ac       0x60 CMakeFiles/electronic_tuner.dir/C_/Users/vigwe/.pico-sdk/sdk/2.2.0/src/rp2_common/hardware_irq/irq.c.obj
                0x100017ac                irq_set_exclusive_handler
 .text.irq_add_shared_handler
                0x1000180c      0x234 CMakeFiles/electronic_tuner.dir/C_/Users/vigwe/.pico-sdk/sdk/2.2.0/src/rp2_common/hardware_irq/irq.c.obj
                0x1000180c                irq_add_shared_handler
 .text.irq_add_tail_to_free_list
                0x10001a40       0xf8 CMakeFiles/electronic_tuner.dir/C_/Users/vigwe/.pico-sdk/sdk/2.2.0/src/rp2_common/hardware_irq/irq.c.obj
                0x10001a40                irq_add_tail_to_free_list
 .text.user_irq_claim_unused
                0x10001b38       0x2c CMakeFiles/electronic_tuner.dir/C_/Users/vigwe/.pico-sdk/sdk/2.2.0/src/rp2_common/hardware_irq/irq.c.obj
                0x10001b38                user_irq_claim_unused
 .text.lock_init
                0x10001b64        0xc CMakeFiles/electronic_tuner.dir/C_/Users/vigwe/.pico-sdk/sdk/2.2.0/src/common/pico_sync/lock_core.c.obj
                0x10001b64                lock_init
 .text.mutex_init
                0x10001b70       0x1a CMakeFiles/electronic_tuner.dir/C_/Users/vigwe/.pico-sdk/sdk/2.2.0/src/common/pico_sync/mutex.c.obj
                0x10001b70                mutex_init
 .text.recursive_mutex_init
                0x10001b8a       0x1e CMakeFiles/electronic_tuner.dir/C_/Users/vigwe/.pico-sdk/sdk/2.2.0/src/common/pico_sync/mutex.c.obj
                0x10001b8a                recursive_mutex_init
 .text.runtime_init_mutex
                0x10001ba8       0x4c CMakeFiles/electronic_tuner.dir/C_/Users/vigwe/.pico-sdk/sdk/2.2.0/src/common/pico_sync/mutex.c.obj
                0x10001ba8                runtime_init_mutex
 .text.critical_section_init_with_lock_num
                0x10001bf4       0x10 CMakeFiles/electronic_tuner.dir/C_/Users/vigwe/.pico-sdk/sdk/2.2.0/src/common/pico_sync/critical_section.c.obj
                0x10001bf4                critical_section_init_with_lock_num
 .text.critical_section_init
                0x10001c04       0x14 CMakeFiles/electronic_tuner.dir/C_/Users/vigwe/.pico-sdk/sdk/2.2.0/src/common/pico_sync/critical_section.c.obj
                0x10001c04                critical_section_init
 .text.ta_from_current_irq
                0x10001c18       0x24 CMakeFiles/electronic_tuner.dir/C_/Users/vigwe/.pico-sdk/sdk/2.2.0/src/common/pico_time/time.c.obj
 .text.ta_set_timeout
                0x10001c3c       0x2a CMakeFiles/electronic_tuner.dir/C_/Users/vigwe/.pico-sdk/sdk/2.2.0/src/common/pico_time/time.c.obj
 .text.make_alarm_id
                0x10001c66        0x6 CMakeFiles/electronic_tuner.dir/C_/Users/vigwe/.pico-sdk/sdk/2.2.0/src/common/pico_time/time.c.obj
 .text.sleep_until_callback
                0x10001c6c       0x3c CMakeFiles/electronic_tuner.dir/C_/Users/vigwe/.pico-sdk/sdk/2.2.0/src/common/pico_time/time.c.obj
 .text.alarm_pool_irq_handler
                0x10001ca8      0x2ec CMakeFiles/electronic_tuner.dir/C_/Users/vigwe/.pico-sdk/sdk/2.2.0/src/common/pico_time/time.c.obj
 .text.ta_enable_irq_handler
                0x10001f94       0x38 CMakeFiles/electronic_tuner.dir/C_/Users/vigwe/.pico-sdk/sdk/2.2.0/src/common/pico_time/time.c.obj
 .text.alarm_pool_post_alloc_init
                0x10001fcc       0x7c CMakeFiles/electronic_tuner.dir/C_/Users/vigwe/.pico-sdk/sdk/2.2.0/src/common/pico_time/time.c.obj
 .text.alarm_pool_get_default
                0x10002048       0x28 CMakeFiles/electronic_tuner.dir/C_/Users/vigwe/.pico-sdk/sdk/2.2.0/src/common/pico_time/time.c.obj
                0x10002048                alarm_pool_get_default
 .text.alarm_pool_add_alarm_at_force_in_context
                0x10002070       0xc0 CMakeFiles/electronic_tuner.dir/C_/Users/vigwe/.pico-sdk/sdk/2.2.0/src/common/pico_time/time.c.obj
                0x10002070                alarm_pool_add_alarm_at_force_in_context
 .text.alarm_pool_add_alarm_at
                0x10002130       0x38 CMakeFiles/electronic_tuner.dir/C_/Users/vigwe/.pico-sdk/sdk/2.2.0/src/common/pico_time/time.c.obj
                0x10002130                alarm_pool_add_alarm_at
 .text.add_alarm_at
                0x10002168       0x26 CMakeFiles/electronic_tuner.dir/C_/Users/vigwe/.pico-sdk/sdk/2.2.0/src/common/pico_time/time.c.obj
 .text.alarm_pool_cancel_alarm
                0x1000218e       0x72 CMakeFiles/electronic_tuner.dir/C_/Users/vigwe/.pico-sdk/sdk/2.2.0/src/common/pico_time/time.c.obj
                0x1000218e                alarm_pool_cancel_alarm
 .text.cancel_alarm
                0x10002200       0x10 CMakeFiles/electronic_tuner.dir/C_/Users/vigwe/.pico-sdk/sdk/2.2.0/src/common/pico_time/time.c.obj
 .text.alarm_pool_core_num
                0x10002210        0x4 CMakeFiles/electronic_tuner.dir/C_/Users/vigwe/.pico-sdk/sdk/2.2.0/src/common/pico_time/time.c.obj
                0x10002210                alarm_pool_core_num
 .text.sleep_until
                0x10002214       0xb4 CMakeFiles/electronic_tuner.dir/C_/Users/vigwe/.pico-sdk/sdk/2.2.0/src/common/pico_time/time.c.obj
                0x10002214                sleep_until
 .text.sleep_us
                0x100022c8       0x24 CMakeFiles/electronic_tuner.dir/C_/Users/vigwe/.pico-sdk/sdk/2.2.0/src/common/pico_time/time.c.obj
                0x100022c8                sleep_us
 .text.sleep_ms
                0x100022ec       0x28 CMakeFiles/electronic_tuner.dir/C_/Users/vigwe/.pico-sdk/sdk/2.2.0/src/common/pico_time/time.c.obj
                0x100022ec                sleep_ms
 .text.best_effort_wfe_or_timeout
                0x10002314       0xfc CMakeFiles/electronic_tuner.dir/C_/Users/vigwe/.pico-sdk/sdk/2.2.0/src/common/pico_time/time.c.obj
                0x10002314                best_effort_wfe_or_timeout
 .text.alarm_pool_get_default_timer
                0x10002410        0x8 CMakeFiles/electronic_tuner.dir/C_/Users/vigwe/.pico-sdk/sdk/2.2.0/src/common/pico_time/time.c.obj
                0x10002410                alarm_pool_get_default_timer
 .text.runtime_init_default_alarm_pool
                0x10002418       0x34 CMakeFiles/electronic_tuner.dir/C_/Users/vigwe/.pico-sdk/sdk/2.2.0/src/common/pico_time/time.c.obj
                0x10002418                runtime_init_default_alarm_pool
 .text.timer_hardware_alarm_claim
                0x1000244c       0x24 CMakeFiles/electronic_tuner.dir/C_/Users/vigwe/.pico-sdk/sdk/2.2.0/src/rp2_common/hardware_timer/timer.c.obj
                0x1000244c                timer_hardware_alarm_claim
 .text.timer_time_us_64
                0x10002470       0x10 CMakeFiles/electronic_tuner.dir/C_/Users/vigwe/.pico-sdk/sdk/2.2.0/src/rp2_common/hardware_timer/timer.c.obj
                0x10002470                timer_time_us_64
 .text.timer_busy_wait_until
                0x10002480       0x1a CMakeFiles/electronic_tuner.dir/C_/Users/vigwe/.pico-sdk/sdk/2.2.0/src/rp2_common/hardware_timer/timer.c.obj
                0x10002480                timer_busy_wait_until
 *fill*         0x1000249a        0x2 
 .text.time_us_64
                0x1000249c       0x10 CMakeFiles/electronic_tuner.dir/C_/Users/vigwe/.pico-sdk/sdk/2.2.0/src/rp2_common/hardware_timer/timer.c.obj
                0x1000249c                time_us_64
 .text.busy_wait_until
                0x100024ac       0x14 CMakeFiles/electronic_tuner.dir/C_/Users/vigwe/.pico-sdk/sdk/2.2.0/src/rp2_common/hardware_timer/timer.c.obj
                0x100024ac                busy_wait_until
 .text.clock_configure_internal
                0x100024c0       0xb8 CMakeFiles/electronic_tuner.dir/C_/Users/vigwe/.pico-sdk/sdk/2.2.0/src/rp2_common/hardware_clocks/clocks.c.obj
 .text.clock_configure_undivided
                0x10002578       0x12 CMakeFiles/electronic_tuner.dir/C_/Users/vigwe/.pico-sdk/sdk/2.2.0/src/rp2_common/hardware_clocks/clocks.c.obj
                0x10002578                clock_configure_undivided
 *fill*         0x1000258a        0x2 
 .text.clock_get_hz
                0x1000258c        0xc CMakeFiles/electronic_tuner.dir/C_/Users/vigwe/.pico-sdk/sdk/2.2.0/src/rp2_common/hardware_clocks/clocks.c.obj
                0x1000258c                clock_get_hz
 .text.pll_init
                0x10002598      0x108 CMakeFiles/electronic_tuner.dir/C_/Users/vigwe/.pico-sdk/sdk/2.2.0/src/rp2_common/hardware_pll/pll.c.obj
                0x10002598                pll_init
 .text.watchdog_update
                0x100026a0       0x14 CMakeFiles/electronic_tuner.dir/C_/Users/vigwe/.pico-sdk/sdk/2.2.0/src/rp2_common/hardware_watchdog/watchdog.c.obj
                0x100026a0                watchdog_update
 .text._watchdog_enable
                0x100026b4       0x6c CMakeFiles/electronic_tuner.dir/C_/Users/vigwe/.pico-sdk/sdk/2.2.0/src/rp2_common/hardware_watchdog/watchdog.c.obj
                0x100026b4                _watchdog_enable
 .text.watchdog_reboot
                0x10002720       0x44 CMakeFiles/electronic_tuner.dir/C_/Users/vigwe/.pico-sdk/sdk/2.2.0/src/rp2_common/hardware_watchdog/watchdog.c.obj
                0x10002720                watchdog_reboot
 .text.tick_start
                0x10002764       0x1c CMakeFiles/electronic_tuner.dir/C_/Users/vigwe/.pico-sdk/sdk/2.2.0/src/rp2_common/hardware_ticks/ticks.c.obj
                0x10002764                tick_start
 .text.rom_reboot
                0x10002780       0x40 CMakeFiles/electronic_tuner.dir/C_/Users/vigwe/.pico-sdk/sdk/2.2.0/src/rp2_common/pico_bootrom/bootrom.c.obj
 .text.rom_func_lookup
                0x100027c0       0x1e CMakeFiles/electronic_tuner.dir/C_/Users/vigwe/.pico-sdk/sdk/2.2.0/src/rp2_common/pico_bootrom/bootrom.c.obj
                0x100027c0                rom_func_lookup
 .text.rom_reset_usb_boot_extra
                0x100027de       0x20 CMakeFiles/electronic_tuner.dir/C_/Users/vigwe/.pico-sdk/sdk/2.2.0/src/rp2_common/pico_bootrom/bootrom.c.obj
                0x100027de                rom_reset_usb_boot_extra
 *fill*         0x100027fe        0x2 
 .text.runtime_init_bootrom_locking_enable
                0x10002800       0x14 CMakeFiles/electronic_tuner.dir/C_/Users/vigwe/.pico-sdk/sdk/2.2.0/src/rp2_common/pico_bootrom/bootrom_lock.c.obj
                0x10002800                runtime_init_bootrom_locking_enable
 .text.boot_locks_reset
                0x10002814       0x20 CMakeFiles/electronic_tuner.dir/C_/Users/vigwe/.pico-sdk/sdk/2.2.0/src/rp2_common/hardware_boot_lock/boot_lock.c.obj
                0x10002814                boot_locks_reset
 .text.runtime_init_boot_locks_reset
                0x10002834        0x8 CMakeFiles/electronic_tuner.dir/C_/Users/vigwe/.pico-sdk/sdk/2.2.0/src/rp2_common/hardware_boot_lock/boot_lock.c.obj
                0x10002834                runtime_init_boot_locks_reset
 .text.xosc_init
                0x1000283c       0x28 CMakeFiles/electronic_tuner.dir/C_/Users/vigwe/.pico-sdk/sdk/2.2.0/src/rp2_common/hardware_xosc/xosc.c.obj
                0x1000283c                xosc_init
 .text.runtime_run_initializers_from
                0x10002864       0x18 CMakeFiles/electronic_tuner.dir/C_/Users/vigwe/.pico-sdk/sdk/2.2.0/src/rp2_common/pico_runtime/runtime.c.obj
 .text.first_per_core_initializer
                0x1000287c        0x2 CMakeFiles/electronic_tuner.dir/C_/Users/vigwe/.pico-sdk/sdk/2.2.0/src/rp2_common/pico_runtime/runtime.c.obj
 *fill*         0x1000287e        0x2 
 .text.runtime_run_initializers
                0x10002880       0x10 CMakeFiles/electronic_tuner.dir/C_/Users/vigwe/.pico-sdk/sdk/2.2.0/src/rp2_common/pico_runtime/runtime.c.obj
                0x10002880                runtime_run_initializers
 .text.runtime_init_early_resets
                0x10002890       0x2c CMakeFiles/electronic_tuner.dir/C_/Users/vigwe/.pico-sdk/sdk/2.2.0/src/rp2_common/pico_runtime_init/runtime_init.c.obj
                0x10002890                runtime_init_early_resets
 .text.runtime_init_usb_power_down
                0x100028bc       0x20 CMakeFiles/electronic_tuner.dir/C_/Users/vigwe/.pico-sdk/sdk/2.2.0/src/rp2_common/pico_runtime_init/runtime_init.c.obj
                0x100028bc                runtime_init_usb_power_down
 .text.runtime_init_per_core_enable_coprocessors
                0x100028dc       0x1c CMakeFiles/electronic_tuner.dir/C_/Users/vigwe/.pico-sdk/sdk/2.2.0/src/rp2_common/pico_runtime_init/runtime_init.c.obj
                0x100028dc                runtime_init_per_core_enable_coprocessors
 .text.runtime_init_post_clock_resets
                0x100028f8       0x20 CMakeFiles/electronic_tuner.dir/C_/Users/vigwe/.pico-sdk/sdk/2.2.0/src/rp2_common/pico_runtime_init/runtime_init.c.obj
                0x100028f8                runtime_init_post_clock_resets
 .text.runtime_init_bootrom_reset
                0x10002918       0x12 CMakeFiles/electronic_tuner.dir/C_/Users/vigwe/.pico-sdk/sdk/2.2.0/src/rp2_common/pico_runtime_init/runtime_init.c.obj
                0x10002918                runtime_init_bootrom_reset
 .text.runtime_init_per_core_bootrom_reset
                0x1000292a       0x12 CMakeFiles/electronic_tuner.dir/C_/Users/vigwe/.pico-sdk/sdk/2.2.0/src/rp2_common/pico_runtime_init/runtime_init.c.obj
                0x1000292a                runtime_init_per_core_bootrom_reset
 .text.runtime_init_spin_locks_reset
                0x1000293c        0x8 CMakeFiles/electronic_tuner.dir/C_/Users/vigwe/.pico-sdk/sdk/2.2.0/src/rp2_common/pico_runtime_init/runtime_init.c.obj
                0x1000293c                runtime_init_spin_locks_reset
 .text.runtime_init_install_ram_vector_table
                0x10002944       0x48 CMakeFiles/electronic_tuner.dir/C_/Users/vigwe/.pico-sdk/sdk/2.2.0/src/rp2_common/pico_runtime_init/runtime_init.c.obj
                0x10002944                runtime_init_install_ram_vector_table
 .text.start_all_ticks
                0x1000298c       0x28 CMakeFiles/electronic_tuner.dir/C_/Users/vigwe/.pico-sdk/sdk/2.2.0/src/rp2_common/pico_runtime_init/runtime_init_clocks.c.obj
 .text.runtime_init_clocks
                0x100029b4       0xc4 CMakeFiles/electronic_tuner.dir/C_/Users/vigwe/.pico-sdk/sdk/2.2.0/src/rp2_common/pico_runtime_init/runtime_init_clocks.c.obj
                0x100029b4                runtime_init_clocks
 .text.__rp2350_dcp_engaged_state_save_restore
                0x10002a78       0x3a CMakeFiles/electronic_tuner.dir/C_/Users/vigwe/.pico-sdk/sdk/2.2.0/src/rp2_common/pico_double/double_aeabi_dcp.S.obj
 *fill*         0x10002ab2        0x2 
 .text.__wrap___aeabi_dadd
                0x10002ab4       0x28 CMakeFiles/electronic_tuner.dir/C_/Users/vigwe/.pico-sdk/sdk/2.2.0/src/rp2_common/pico_double/double_aeabi_dcp.S.obj
                0x10002abc                __wrap___aeabi_dadd
 .text.__wrap___aeabi_dsub
                0x10002adc       0x28 CMakeFiles/electronic_tuner.dir/C_/Users/vigwe/.pico-sdk/sdk/2.2.0/src/rp2_common/pico_double/double_aeabi_dcp.S.obj
                0x10002ae4                __wrap___aeabi_dsub
 .text.__wrap___aeabi_dmul
                0x10002b04       0x4c CMakeFiles/electronic_tuner.dir/C_/Users/vigwe/.pico-sdk/sdk/2.2.0/src/rp2_common/pico_double/double_aeabi_dcp.S.obj
                0x10002b0c                __wrap___aeabi_dmul
 .text.__wrap___aeabi_ddiv
                0x10002b50       0x9c CMakeFiles/electronic_tuner.dir/C_/Users/vigwe/.pico-sdk/sdk/2.2.0/src/rp2_common/pico_double/double_aeabi_dcp.S.obj
                0x10002b58                __wrap___aeabi_ddiv
 .text.__wrap___aeabi_i2d
                0x10002bec       0x24 CMakeFiles/electronic_tuner.dir/C_/Users/vigwe/.pico-sdk/sdk/2.2.0/src/rp2_common/pico_double/double_aeabi_dcp.S.obj
                0x10002bf4                int2double
                0x10002bf4                __wrap___aeabi_i2d
 .text.__wrap___aeabi_ui2d
                0x10002c10       0x24 CMakeFiles/electronic_tuner.dir/C_/Users/vigwe/.pico-sdk/sdk/2.2.0/src/rp2_common/pico_double/double_aeabi_dcp.S.obj
                0x10002c18                uint2double
                0x10002c18                __wrap___aeabi_ui2d
 .text.__wrap___aeabi_d2iz
                0x10002c34       0x24 CMakeFiles/electronic_tuner.dir/C_/Users/vigwe/.pico-sdk/sdk/2.2.0/src/rp2_common/pico_double/double_aeabi_dcp.S.obj
                0x10002c3c                double2int_z
                0x10002c3c                __wrap___aeabi_d2iz
 .text.__wrap___aeabi_d2uiz
                0x10002c58       0x24 CMakeFiles/electronic_tuner.dir/C_/Users/vigwe/.pico-sdk/sdk/2.2.0/src/rp2_common/pico_double/double_aeabi_dcp.S.obj
                0x10002c60                double2uint
                0x10002c60                __wrap___aeabi_d2uiz
                0x10002c60                double2uint_z
 .text.__wrap___aeabi_dcmpun
                0x10002c7c       0x24 CMakeFiles/electronic_tuner.dir/C_/Users/vigwe/.pico-sdk/sdk/2.2.0/src/rp2_common/pico_double/double_aeabi_dcp.S.obj
                0x10002c84                __wrap___aeabi_dcmpun
 .text.__wrap___aeabi_dcmplt
                0x10002ca0       0x28 CMakeFiles/electronic_tuner.dir/C_/Users/vigwe/.pico-sdk/sdk/2.2.0/src/rp2_common/pico_double/double_aeabi_dcp.S.obj
                0x10002ca8                __wrap___aeabi_dcmplt
 .text.__wrap___aeabi_dcmple
                0x10002cc8       0x28 CMakeFiles/electronic_tuner.dir/C_/Users/vigwe/.pico-sdk/sdk/2.2.0/src/rp2_common/pico_double/double_aeabi_dcp.S.obj
                0x10002cd0                __wrap___aeabi_dcmple
 .text.__wrap___aeabi_dcmpge
                0x10002cf0       0x28 CMakeFiles/electronic_tuner.dir/C_/Users/vigwe/.pico-sdk/sdk/2.2.0/src/rp2_common/pico_double/double_aeabi_dcp.S.obj
                0x10002cf8                __wrap___aeabi_dcmpge
 .text.__wrap___aeabi_dcmpgt
                0x10002d18       0x28 CMakeFiles/electronic_tuner.dir/C_/Users/vigwe/.pico-sdk/sdk/2.2.0/src/rp2_common/pico_double/double_aeabi_dcp.S.obj
                0x10002d20                __wrap___aeabi_dcmpgt
 .text.check_alloc
                0x10002d40       0x20 CMakeFiles/electronic_tuner.dir/C_/Users/vigwe/.pico-sdk/sdk/2.2.0/src/rp2_common/pico_malloc/malloc.c.obj
 .text.__wrap_malloc
                0x10002d60       0x14 CMakeFiles/electronic_tuner.dir/C_/Users/vigwe/.pico-sdk/sdk/2.2.0/src/rp2_common/pico_malloc/malloc.c.obj
                0x10002d60                __wrap_malloc
 .text._out_buffer
                0x10002d74        0x8 CMakeFiles/electronic_tuner.dir/C_/Users/vigwe/.pico-sdk/sdk/2.2.0/src/rp2_common/pico_printf/printf.c.obj
 .text._out_null
                0x10002d7c        0x2 CMakeFiles/electronic_tuner.dir/C_/Users/vigwe/.pico-sdk/sdk/2.2.0/src/rp2_common/pico_printf/printf.c.obj
 .text._out_fct
                0x10002d7e        0xe CMakeFiles/electronic_tuner.dir/C_/Users/vigwe/.pico-sdk/sdk/2.2.0/src/rp2_common/pico_printf/printf.c.obj
 .text._atoi    0x10002d8c       0x26 CMakeFiles/electronic_tuner.dir/C_/Users/vigwe/.pico-sdk/sdk/2.2.0/src/rp2_common/pico_printf/printf.c.obj
 .text._out_rev
                0x10002db2       0x7e CMakeFiles/electronic_tuner.dir/C_/Users/vigwe/.pico-sdk/sdk/2.2.0/src/rp2_common/pico_printf/printf.c.obj
 .text._ntoa_format
                0x10002e30      0x134 CMakeFiles/electronic_tuner.dir/C_/Users/vigwe/.pico-sdk/sdk/2.2.0/src/rp2_common/pico_printf/printf.c.obj
 .text._ntoa_long
                0x10002f64       0x94 CMakeFiles/electronic_tuner.dir/C_/Users/vigwe/.pico-sdk/sdk/2.2.0/src/rp2_common/pico_printf/printf.c.obj
 .text._ntoa_long_long
                0x10002ff8       0xc2 CMakeFiles/electronic_tuner.dir/C_/Users/vigwe/.pico-sdk/sdk/2.2.0/src/rp2_common/pico_printf/printf.c.obj
 *fill*         0x100030ba        0x6 
 .text._etoa    0x100030c0      0x420 CMakeFiles/electronic_tuner.dir/C_/Users/vigwe/.pico-sdk/sdk/2.2.0/src/rp2_common/pico_printf/printf.c.obj
 .text._ftoa    0x100034e0      0x398 CMakeFiles/electronic_tuner.dir/C_/Users/vigwe/.pico-sdk/sdk/2.2.0/src/rp2_common/pico_printf/printf.c.obj
 .text._vsnprintf
                0x10003878      0x6d8 CMakeFiles/electronic_tuner.dir/C_/Users/vigwe/.pico-sdk/sdk/2.2.0/src/rp2_common/pico_printf/printf.c.obj
 .text.__wrap_sprintf
                0x10003f50       0x2c CMakeFiles/electronic_tuner.dir/C_/Users/vigwe/.pico-sdk/sdk/2.2.0/src/rp2_common/pico_printf/printf.c.obj
                0x10003f50                __wrap_sprintf
 .text.vfctprintf
                0x10003f7c       0x24 CMakeFiles/electronic_tuner.dir/C_/Users/vigwe/.pico-sdk/sdk/2.2.0/src/rp2_common/pico_printf/printf.c.obj
                0x10003f7c                vfctprintf
 .text._exit    0x10003fa0        0x4 CMakeFiles/electronic_tuner.dir/C_/Users/vigwe/.pico-sdk/sdk/2.2.0/src/rp2_common/pico_clib_interface/newlib_interface.c.obj
                0x10003fa0                _exit
 .text._sbrk    0x10003fa4       0x34 CMakeFiles/electronic_tuner.dir/C_/Users/vigwe/.pico-sdk/sdk/2.2.0/src/rp2_common/pico_clib_interface/newlib_interface.c.obj
                0x10003fa4                _sbrk
 .text.exit     0x10003fd8        0x6 CMakeFiles/electronic_tuner.dir/C_/Users/vigwe/.pico-sdk/sdk/2.2.0/src/rp2_common/pico_clib_interface/newlib_interface.c.obj
                0x10003fd8                exit
 *fill*         0x10003fde        0x2 
 .text.__assert_func
                0x10003fe0       0x34 CMakeFiles/electronic_tuner.dir/C_/Users/vigwe/.pico-sdk/sdk/2.2.0/src/rp2_common/pico_clib_interface/newlib_interface.c.obj
                0x10003fe0                __assert_func
 .text.runtime_init
                0x10004014       0x2c CMakeFiles/electronic_tuner.dir/C_/Users/vigwe/.pico-sdk/sdk/2.2.0/src/rp2_common/pico_clib_interface/newlib_interface.c.obj
                0x10004014                runtime_init
 .text.stdio_out_chars_no_crlf
                0x10004040        0xe CMakeFiles/electronic_tuner.dir/C_/Users/vigwe/.pico-sdk/sdk/2.2.0/src/rp2_common/pico_stdio/stdio.c.obj
 *fill*         0x1000404e        0x2 
 .text.stdio_out_chars_crlf
                0x10004050       0x80 CMakeFiles/electronic_tuner.dir/C_/Users/vigwe/.pico-sdk/sdk/2.2.0/src/rp2_common/pico_stdio/stdio.c.obj
 .text.stdio_stack_buffer_flush
                0x100040d0       0x40 CMakeFiles/electronic_tuner.dir/C_/Users/vigwe/.pico-sdk/sdk/2.2.0/src/rp2_common/pico_stdio/stdio.c.obj
 .text.stdio_buffered_printer
                0x10004110       0x20 CMakeFiles/electronic_tuner.dir/C_/Users/vigwe/.pico-sdk/sdk/2.2.0/src/rp2_common/pico_stdio/stdio.c.obj
 .text.stdout_serialize_begin
                0x10004130       0x2c CMakeFiles/electronic_tuner.dir/C_/Users/vigwe/.pico-sdk/sdk/2.2.0/src/rp2_common/pico_stdio/stdio.c.obj
                0x10004130                stdout_serialize_begin
 .text.stdout_serialize_end
                0x1000415c       0x10 CMakeFiles/electronic_tuner.dir/C_/Users/vigwe/.pico-sdk/sdk/2.2.0/src/rp2_common/pico_stdio/stdio.c.obj
                0x1000415c                stdout_serialize_end
 .text.stdio_put_string
                0x1000416c       0x8c CMakeFiles/electronic_tuner.dir/C_/Users/vigwe/.pico-sdk/sdk/2.2.0/src/rp2_common/pico_stdio/stdio.c.obj
                0x1000416c                stdio_put_string
 .text.stdio_set_driver_enabled
                0x100041f8       0x2c CMakeFiles/electronic_tuner.dir/C_/Users/vigwe/.pico-sdk/sdk/2.2.0/src/rp2_common/pico_stdio/stdio.c.obj
                0x100041f8                stdio_set_driver_enabled
 .text.stdio_flush
                0x10004224       0x1c CMakeFiles/electronic_tuner.dir/C_/Users/vigwe/.pico-sdk/sdk/2.2.0/src/rp2_common/pico_stdio/stdio.c.obj
                0x10004224                stdio_flush
 .text.stdio_init_all
                0x10004240        0x8 CMakeFiles/electronic_tuner.dir/C_/Users/vigwe/.pico-sdk/sdk/2.2.0/src/rp2_common/pico_stdio/stdio.c.obj
                0x10004240                stdio_init_all
 .text.__wrap_puts
                0x10004248       0x1e CMakeFiles/electronic_tuner.dir/C_/Users/vigwe/.pico-sdk/sdk/2.2.0/src/rp2_common/pico_stdio/stdio.c.obj
                0x10004248                stdio_puts
                0x10004248                __wrap_puts
 *fill*         0x10004266        0x2 
 .text.__wrap_vprintf
                0x10004268       0x40 CMakeFiles/electronic_tuner.dir/C_/Users/vigwe/.pico-sdk/sdk/2.2.0/src/rp2_common/pico_stdio/stdio.c.obj
                0x10004268                stdio_vprintf
                0x10004268                __wrap_vprintf
 .text.__wrap_printf
                0x100042a8       0x1c CMakeFiles/electronic_tuner.dir/C_/Users/vigwe/.pico-sdk/sdk/2.2.0/src/rp2_common/pico_stdio/stdio.c.obj
                0x100042a8                __wrap_printf
                0x100042a8                stdio_printf
 .text.resetd_init
                0x100042c4        0x2 CMakeFiles/electronic_tuner.dir/C_/Users/vigwe/.pico-sdk/sdk/2.2.0/src/rp2_common/pico_stdio_usb/reset_interface.c.obj
 *fill*         0x100042c6        0x2 
 .text.resetd_reset
                0x100042c8        0xc CMakeFiles/electronic_tuner.dir/C_/Users/vigwe/.pico-sdk/sdk/2.2.0/src/rp2_common/pico_stdio_usb/reset_interface.c.obj
 .text.resetd_open
                0x100042d4       0x34 CMakeFiles/electronic_tuner.dir/C_/Users/vigwe/.pico-sdk/sdk/2.2.0/src/rp2_common/pico_stdio_usb/reset_interface.c.obj
 .text.resetd_xfer_cb
                0x10004308        0x4 CMakeFiles/electronic_tuner.dir/C_/Users/vigwe/.pico-sdk/sdk/2.2.0/src/rp2_common/pico_stdio_usb/reset_interface.c.obj
 .text.resetd_control_xfer_cb
                0x1000430c       0x54 CMakeFiles/electronic_tuner.dir/C_/Users/vigwe/.pico-sdk/sdk/2.2.0/src/rp2_common/pico_stdio_usb/reset_interface.c.obj
 .text.tud_descriptor_bos_cb
                0x10004360        0x8 CMakeFiles/electronic_tuner.dir/C_/Users/vigwe/.pico-sdk/sdk/2.2.0/src/rp2_common/pico_stdio_usb/reset_interface.c.obj
                0x10004360                tud_descriptor_bos_cb
 .text.tud_vendor_control_xfer_cb
                0x10004368       0x30 CMakeFiles/electronic_tuner.dir/C_/Users/vigwe/.pico-sdk/sdk/2.2.0/src/rp2_common/pico_stdio_usb/reset_interface.c.obj
                0x10004368                tud_vendor_control_xfer_cb
 .text.usbd_app_driver_get_cb
                0x10004398        0xc CMakeFiles/electronic_tuner.dir/C_/Users/vigwe/.pico-sdk/sdk/2.2.0/src/rp2_common/pico_stdio_usb/reset_interface.c.obj
                0x10004398                usbd_app_driver_get_cb
 .text.tud_cdc_line_coding_cb
                0x100043a4       0x18 CMakeFiles/electronic_tuner.dir/C_/Users/vigwe/.pico-sdk/sdk/2.2.0/src/rp2_common/pico_stdio_usb/reset_interface.c.obj
                0x100043a4                tud_cdc_line_coding_cb
 .text.stdio_usb_set_chars_available_callback
                0x100043bc       0x14 CMakeFiles/electronic_tuner.dir/C_/Users/vigwe/.pico-sdk/sdk/2.2.0/src/rp2_common/pico_stdio_usb/stdio_usb.c.obj
                0x100043bc                stdio_usb_set_chars_available_callback
 .text.stdio_usb_out_flush
                0x100043d0       0x48 CMakeFiles/electronic_tuner.dir/C_/Users/vigwe/.pico-sdk/sdk/2.2.0/src/rp2_common/pico_stdio_usb/stdio_usb.c.obj
 .text.timer_task
                0x10004418       0x70 CMakeFiles/electronic_tuner.dir/C_/Users/vigwe/.pico-sdk/sdk/2.2.0/src/rp2_common/pico_stdio_usb/stdio_usb.c.obj
 .text.usb_irq  0x10004488       0x10 CMakeFiles/electronic_tuner.dir/C_/Users/vigwe/.pico-sdk/sdk/2.2.0/src/rp2_common/pico_stdio_usb/stdio_usb.c.obj
 .text.alarm_pool_add_alarm_in_us
                0x10004498       0x3a CMakeFiles/electronic_tuner.dir/C_/Users/vigwe/.pico-sdk/sdk/2.2.0/src/rp2_common/pico_stdio_usb/stdio_usb.c.obj
 .text.add_alarm_in_us
                0x100044d2       0x26 CMakeFiles/electronic_tuner.dir/C_/Users/vigwe/.pico-sdk/sdk/2.2.0/src/rp2_common/pico_stdio_usb/stdio_usb.c.obj
 .text.low_priority_worker_irq
                0x100044f8       0xa8 CMakeFiles/electronic_tuner.dir/C_/Users/vigwe/.pico-sdk/sdk/2.2.0/src/rp2_common/pico_stdio_usb/stdio_usb.c.obj
 .text.stdio_usb_init
                0x100045a0       0xd4 CMakeFiles/electronic_tuner.dir/C_/Users/vigwe/.pico-sdk/sdk/2.2.0/src/rp2_common/pico_stdio_usb/stdio_usb.c.obj
                0x100045a0                stdio_usb_init
 .text.stdio_usb_connected
                0x10004674        0xa CMakeFiles/electronic_tuner.dir/C_/Users/vigwe/.pico-sdk/sdk/2.2.0/src/rp2_common/pico_stdio_usb/stdio_usb.c.obj
                0x10004674                stdio_usb_connected
 *fill*         0x1000467e        0x2 
 .text.stdio_usb_in_chars
                0x10004680       0x8c CMakeFiles/electronic_tuner.dir/C_/Users/vigwe/.pico-sdk/sdk/2.2.0/src/rp2_common/pico_stdio_usb/stdio_usb.c.obj
                0x10004680                stdio_usb_in_chars
 .text.stdio_usb_out_chars
                0x1000470c       0xd4 CMakeFiles/electronic_tuner.dir/C_/Users/vigwe/.pico-sdk/sdk/2.2.0/src/rp2_common/pico_stdio_usb/stdio_usb.c.obj
 .text.tud_descriptor_device_cb
                0x100047e0        0x8 CMakeFiles/electronic_tuner.dir/C_/Users/vigwe/.pico-sdk/sdk/2.2.0/src/rp2_common/pico_stdio_usb/stdio_usb_descriptors.c.obj
                0x100047e0                tud_descriptor_device_cb
 .text.tud_descriptor_configuration_cb
                0x100047e8        0x8 CMakeFiles/electronic_tuner.dir/C_/Users/vigwe/.pico-sdk/sdk/2.2.0/src/rp2_common/pico_stdio_usb/stdio_usb_descriptors.c.obj
                0x100047e8                tud_descriptor_configuration_cb
 .text.tud_descriptor_string_cb
                0x100047f0       0x64 CMakeFiles/electronic_tuner.dir/C_/Users/vigwe/.pico-sdk/sdk/2.2.0/src/rp2_common/pico_stdio_usb/stdio_usb_descriptors.c.obj
                0x100047f0                tud_descriptor_string_cb
 .text._retrieve_unique_id_on_boot
                0x10004854       0x58 CMakeFiles/electronic_tuner.dir/C_/Users/vigwe/.pico-sdk/sdk/2.2.0/src/rp2_common/pico_unique_id/unique_id.c.obj
 .text.pico_get_unique_board_id_string
                0x100048ac       0x5c CMakeFiles/electronic_tuner.dir/C_/Users/vigwe/.pico-sdk/sdk/2.2.0/src/rp2_common/pico_unique_id/unique_id.c.obj
                0x100048ac                pico_get_unique_board_id_string
 .text.hw_endpoint_init
                0x10004908       0xbc CMakeFiles/electronic_tuner.dir/C_/Users/vigwe/.pico-sdk/sdk/2.2.0/lib/tinyusb/src/portable/raspberrypi/rp2040/dcd_rp2040.c.obj
 .text.hw_endpoint_alloc
                0x100049c4       0x48 CMakeFiles/electronic_tuner.dir/C_/Users/vigwe/.pico-sdk/sdk/2.2.0/lib/tinyusb/src/portable/raspberrypi/rp2040/dcd_rp2040.c.obj
 .text.hw_endpoint_open
                0x10004a0c       0x44 CMakeFiles/electronic_tuner.dir/C_/Users/vigwe/.pico-sdk/sdk/2.2.0/lib/tinyusb/src/portable/raspberrypi/rp2040/dcd_rp2040.c.obj
 .text.hw_endpoint_xfer
                0x10004a50       0x1c CMakeFiles/electronic_tuner.dir/C_/Users/vigwe/.pico-sdk/sdk/2.2.0/lib/tinyusb/src/portable/raspberrypi/rp2040/dcd_rp2040.c.obj
 .text.dcd_int_enable
                0x10004a6c       0x28 CMakeFiles/electronic_tuner.dir/C_/Users/vigwe/.pico-sdk/sdk/2.2.0/lib/tinyusb/src/portable/raspberrypi/rp2040/dcd_rp2040.c.obj
                0x10004a6c                dcd_int_enable
 .text.dcd_set_address
                0x10004a94       0x2c CMakeFiles/electronic_tuner.dir/C_/Users/vigwe/.pico-sdk/sdk/2.2.0/lib/tinyusb/src/portable/raspberrypi/rp2040/dcd_rp2040.c.obj
                0x10004a94                dcd_set_address
 .text.dcd_connect
                0x10004ac0       0x10 CMakeFiles/electronic_tuner.dir/C_/Users/vigwe/.pico-sdk/sdk/2.2.0/lib/tinyusb/src/portable/raspberrypi/rp2040/dcd_rp2040.c.obj
                0x10004ac0                dcd_connect
 .text.dcd_init
                0x10004ad0       0x84 CMakeFiles/electronic_tuner.dir/C_/Users/vigwe/.pico-sdk/sdk/2.2.0/lib/tinyusb/src/portable/raspberrypi/rp2040/dcd_rp2040.c.obj
                0x10004ad0                dcd_init
 .text.dcd_sof_enable
                0x10004b54       0x1c CMakeFiles/electronic_tuner.dir/C_/Users/vigwe/.pico-sdk/sdk/2.2.0/lib/tinyusb/src/portable/raspberrypi/rp2040/dcd_rp2040.c.obj
                0x10004b54                dcd_sof_enable
 .text.dcd_edpt0_status_complete
                0x10004b70       0x20 CMakeFiles/electronic_tuner.dir/C_/Users/vigwe/.pico-sdk/sdk/2.2.0/lib/tinyusb/src/portable/raspberrypi/rp2040/dcd_rp2040.c.obj
                0x10004b70                dcd_edpt0_status_complete
 .text.dcd_edpt_open
                0x10004b90       0x22 CMakeFiles/electronic_tuner.dir/C_/Users/vigwe/.pico-sdk/sdk/2.2.0/lib/tinyusb/src/portable/raspberrypi/rp2040/dcd_rp2040.c.obj
                0x10004b90                dcd_edpt_open
 .text.dcd_edpt_close_all
                0x10004bb2        0x8 CMakeFiles/electronic_tuner.dir/C_/Users/vigwe/.pico-sdk/sdk/2.2.0/lib/tinyusb/src/portable/raspberrypi/rp2040/dcd_rp2040.c.obj
                0x10004bb2                dcd_edpt_close_all
 *fill*         0x10004bba        0x2 
 .text.dcd_edpt_xfer
                0x10004bbc       0x2c CMakeFiles/electronic_tuner.dir/C_/Users/vigwe/.pico-sdk/sdk/2.2.0/lib/tinyusb/src/portable/raspberrypi/rp2040/dcd_rp2040.c.obj
                0x10004bbc                dcd_edpt_xfer
 .text.dcd_edpt_stall
                0x10004be8       0x38 CMakeFiles/electronic_tuner.dir/C_/Users/vigwe/.pico-sdk/sdk/2.2.0/lib/tinyusb/src/portable/raspberrypi/rp2040/dcd_rp2040.c.obj
                0x10004be8                dcd_edpt_stall
 .text.dcd_edpt_clear_stall
                0x10004c20       0x28 CMakeFiles/electronic_tuner.dir/C_/Users/vigwe/.pico-sdk/sdk/2.2.0/lib/tinyusb/src/portable/raspberrypi/rp2040/dcd_rp2040.c.obj
                0x10004c20                dcd_edpt_clear_stall
 .text.unaligned_memcpy
                0x10004c48       0x14 CMakeFiles/electronic_tuner.dir/C_/Users/vigwe/.pico-sdk/sdk/2.2.0/lib/tinyusb/src/portable/raspberrypi/rp2040/rp2040_usb.c.obj
 .text.rp2040_usb_init
                0x10004c5c       0x40 CMakeFiles/electronic_tuner.dir/C_/Users/vigwe/.pico-sdk/sdk/2.2.0/lib/tinyusb/src/portable/raspberrypi/rp2040/rp2040_usb.c.obj
                0x10004c5c                rp2040_usb_init
 .text.hw_endpoint_xfer_start
                0x10004c9c       0x58 CMakeFiles/electronic_tuner.dir/C_/Users/vigwe/.pico-sdk/sdk/2.2.0/lib/tinyusb/src/portable/raspberrypi/rp2040/rp2040_usb.c.obj
                0x10004c9c                hw_endpoint_xfer_start
 .text.configuration_reset
                0x10004cf4       0x90 CMakeFiles/electronic_tuner.dir/C_/Users/vigwe/.pico-sdk/sdk/2.2.0/lib/tinyusb/src/device/usbd.c.obj
 .text.usbd_reset
                0x10004d84        0xc CMakeFiles/electronic_tuner.dir/C_/Users/vigwe/.pico-sdk/sdk/2.2.0/lib/tinyusb/src/device/usbd.c.obj
 .text.invoke_class_control
                0x10004d90       0x1a CMakeFiles/electronic_tuner.dir/C_/Users/vigwe/.pico-sdk/sdk/2.2.0/lib/tinyusb/src/device/usbd.c.obj
 *fill*         0x10004daa        0x2 
 .text.process_set_config
                0x10004dac      0x1cc CMakeFiles/electronic_tuner.dir/C_/Users/vigwe/.pico-sdk/sdk/2.2.0/lib/tinyusb/src/device/usbd.c.obj
 .text.tud_event_hook_cb
                0x10004f78        0x2 CMakeFiles/electronic_tuner.dir/C_/Users/vigwe/.pico-sdk/sdk/2.2.0/lib/tinyusb/src/device/usbd.c.obj
                0x10004f78                tud_event_hook_cb
 .text.tud_sof_cb
                0x10004f7a        0x2 CMakeFiles/electronic_tuner.dir/C_/Users/vigwe/.pico-sdk/sdk/2.2.0/lib/tinyusb/src/device/usbd.c.obj
                0x10004f7a                tud_sof_cb
 .text.tud_descriptor_device_qualifier_cb
                0x10004f7c        0x4 CMakeFiles/electronic_tuner.dir/C_/Users/vigwe/.pico-sdk/sdk/2.2.0/lib/tinyusb/src/device/usbd.c.obj
                0x10004f7c                tud_descriptor_device_qualifier_cb
 .text.tud_descriptor_other_speed_configuration_cb
                0x10004f80        0x4 CMakeFiles/electronic_tuner.dir/C_/Users/vigwe/.pico-sdk/sdk/2.2.0/lib/tinyusb/src/device/usbd.c.obj
                0x10004f80                tud_descriptor_other_speed_configuration_cb
 .text.process_get_descriptor
                0x10004f84       0xf8 CMakeFiles/electronic_tuner.dir/C_/Users/vigwe/.pico-sdk/sdk/2.2.0/lib/tinyusb/src/device/usbd.c.obj
 .text.tud_mount_cb
                0x1000507c        0x2 CMakeFiles/electronic_tuner.dir/C_/Users/vigwe/.pico-sdk/sdk/2.2.0/lib/tinyusb/src/device/usbd.c.obj
                0x1000507c                tud_mount_cb
 .text.tud_umount_cb
                0x1000507e        0x2 CMakeFiles/electronic_tuner.dir/C_/Users/vigwe/.pico-sdk/sdk/2.2.0/lib/tinyusb/src/device/usbd.c.obj
                0x1000507e                tud_umount_cb
 .text.tud_suspend_cb
                0x10005080        0x2 CMakeFiles/electronic_tuner.dir/C_/Users/vigwe/.pico-sdk/sdk/2.2.0/lib/tinyusb/src/device/usbd.c.obj
                0x10005080                tud_suspend_cb
 .text.tud_resume_cb
                0x10005082        0x2 CMakeFiles/electronic_tuner.dir/C_/Users/vigwe/.pico-sdk/sdk/2.2.0/lib/tinyusb/src/device/usbd.c.obj
                0x10005082                tud_resume_cb
 .text.tud_mounted
                0x10005084       0x14 CMakeFiles/electronic_tuner.dir/C_/Users/vigwe/.pico-sdk/sdk/2.2.0/lib/tinyusb/src/device/usbd.c.obj
                0x10005084                tud_mounted
 .text.tud_suspended
                0x10005098       0x10 CMakeFiles/electronic_tuner.dir/C_/Users/vigwe/.pico-sdk/sdk/2.2.0/lib/tinyusb/src/device/usbd.c.obj
                0x10005098                tud_suspended
 .text.tud_inited
                0x100050a8       0x10 CMakeFiles/electronic_tuner.dir/C_/Users/vigwe/.pico-sdk/sdk/2.2.0/lib/tinyusb/src/device/usbd.c.obj
                0x100050a8                tud_inited
 .text.tud_rhport_init
                0x100050b8      0x128 CMakeFiles/electronic_tuner.dir/C_/Users/vigwe/.pico-sdk/sdk/2.2.0/lib/tinyusb/src/device/usbd.c.obj
                0x100050b8                tud_rhport_init
 .text.usbd_edpt_open
                0x100051e0       0x7c CMakeFiles/electronic_tuner.dir/C_/Users/vigwe/.pico-sdk/sdk/2.2.0/lib/tinyusb/src/device/usbd.c.obj
                0x100051e0                usbd_edpt_open
 .text.usbd_open_edpt_pair
                0x1000525c       0xa4 CMakeFiles/electronic_tuner.dir/C_/Users/vigwe/.pico-sdk/sdk/2.2.0/lib/tinyusb/src/device/usbd.c.obj
                0x1000525c                usbd_open_edpt_pair
 .text.usbd_edpt_claim
                0x10005300       0x28 CMakeFiles/electronic_tuner.dir/C_/Users/vigwe/.pico-sdk/sdk/2.2.0/lib/tinyusb/src/device/usbd.c.obj
                0x10005300                usbd_edpt_claim
 .text.usbd_edpt_release
                0x10005328       0x28 CMakeFiles/electronic_tuner.dir/C_/Users/vigwe/.pico-sdk/sdk/2.2.0/lib/tinyusb/src/device/usbd.c.obj
                0x10005328                usbd_edpt_release
 .text.usbd_edpt_xfer
                0x10005350       0x90 CMakeFiles/electronic_tuner.dir/C_/Users/vigwe/.pico-sdk/sdk/2.2.0/lib/tinyusb/src/device/usbd.c.obj
                0x10005350                usbd_edpt_xfer
 .text.usbd_edpt_stall
                0x100053e0       0x3c CMakeFiles/electronic_tuner.dir/C_/Users/vigwe/.pico-sdk/sdk/2.2.0/lib/tinyusb/src/device/usbd.c.obj
                0x100053e0                usbd_edpt_stall
 .text.usbd_edpt_clear_stall
                0x1000541c       0x3c CMakeFiles/electronic_tuner.dir/C_/Users/vigwe/.pico-sdk/sdk/2.2.0/lib/tinyusb/src/device/usbd.c.obj
                0x1000541c                usbd_edpt_clear_stall
 .text.usbd_edpt_stalled
                0x10005458       0x1c CMakeFiles/electronic_tuner.dir/C_/Users/vigwe/.pico-sdk/sdk/2.2.0/lib/tinyusb/src/device/usbd.c.obj
                0x10005458                usbd_edpt_stalled
 .text.process_control_request
                0x10005474      0x404 CMakeFiles/electronic_tuner.dir/C_/Users/vigwe/.pico-sdk/sdk/2.2.0/lib/tinyusb/src/device/usbd.c.obj
 .text.tud_task_ext
                0x10005878      0x250 CMakeFiles/electronic_tuner.dir/C_/Users/vigwe/.pico-sdk/sdk/2.2.0/lib/tinyusb/src/device/usbd.c.obj
                0x10005878                tud_task_ext
 .text.status_stage_xact
                0x10005ac8       0x1a CMakeFiles/electronic_tuner.dir/C_/Users/vigwe/.pico-sdk/sdk/2.2.0/lib/tinyusb/src/device/usbd_control.c.obj
 *fill*         0x10005ae2        0x2 
 .text.data_stage_xact
                0x10005ae4       0x5c CMakeFiles/electronic_tuner.dir/C_/Users/vigwe/.pico-sdk/sdk/2.2.0/lib/tinyusb/src/device/usbd_control.c.obj
 .text.tud_control_status
                0x10005b40       0x28 CMakeFiles/electronic_tuner.dir/C_/Users/vigwe/.pico-sdk/sdk/2.2.0/lib/tinyusb/src/device/usbd_control.c.obj
                0x10005b40                tud_control_status
 .text.tud_control_xfer
                0x10005b68       0xac CMakeFiles/electronic_tuner.dir/C_/Users/vigwe/.pico-sdk/sdk/2.2.0/lib/tinyusb/src/device/usbd_control.c.obj
                0x10005b68                tud_control_xfer
 .text.usbd_control_reset
                0x10005c14       0x14 CMakeFiles/electronic_tuner.dir/C_/Users/vigwe/.pico-sdk/sdk/2.2.0/lib/tinyusb/src/device/usbd_control.c.obj
                0x10005c14                usbd_control_reset
 .text.usbd_control_set_complete_callback
                0x10005c28        0xc CMakeFiles/electronic_tuner.dir/C_/Users/vigwe/.pico-sdk/sdk/2.2.0/lib/tinyusb/src/device/usbd_control.c.obj
                0x10005c28                usbd_control_set_complete_callback
 .text.usbd_control_set_request
                0x10005c34       0x1c CMakeFiles/electronic_tuner.dir/C_/Users/vigwe/.pico-sdk/sdk/2.2.0/lib/tinyusb/src/device/usbd_control.c.obj
                0x10005c34                usbd_control_set_request
 .text.usbd_control_xfer_cb
                0x10005c50      0x10c CMakeFiles/electronic_tuner.dir/C_/Users/vigwe/.pico-sdk/sdk/2.2.0/lib/tinyusb/src/device/usbd_control.c.obj
                0x10005c50                usbd_control_xfer_cb
 .text._prep_out_transaction
                0x10005d5c       0x94 CMakeFiles/electronic_tuner.dir/C_/Users/vigwe/.pico-sdk/sdk/2.2.0/lib/tinyusb/src/class/cdc/cdc_device.c.obj
 .text.tud_cdc_n_connected
                0x10005df0       0x34 CMakeFiles/electronic_tuner.dir/C_/Users/vigwe/.pico-sdk/sdk/2.2.0/lib/tinyusb/src/class/cdc/cdc_device.c.obj
                0x10005df0                tud_cdc_n_connected
 .text.tud_cdc_n_available
                0x10005e24       0x18 CMakeFiles/electronic_tuner.dir/C_/Users/vigwe/.pico-sdk/sdk/2.2.0/lib/tinyusb/src/class/cdc/cdc_device.c.obj
                0x10005e24                tud_cdc_n_available
 .text.tud_cdc_n_read
                0x10005e3c       0x34 CMakeFiles/electronic_tuner.dir/C_/Users/vigwe/.pico-sdk/sdk/2.2.0/lib/tinyusb/src/class/cdc/cdc_device.c.obj
                0x10005e3c                tud_cdc_n_read
 .text.tud_cdc_n_write_flush
                0x10005e70       0xb8 CMakeFiles/electronic_tuner.dir/C_/Users/vigwe/.pico-sdk/sdk/2.2.0/lib/tinyusb/src/class/cdc/cdc_device.c.obj
                0x10005e70                tud_cdc_n_write_flush
 .text.tud_cdc_n_write
                0x10005f28       0x44 CMakeFiles/electronic_tuner.dir/C_/Users/vigwe/.pico-sdk/sdk/2.2.0/lib/tinyusb/src/class/cdc/cdc_device.c.obj
                0x10005f28                tud_cdc_n_write
 .text.tud_cdc_n_write_available
                0x10005f6c       0x1c CMakeFiles/electronic_tuner.dir/C_/Users/vigwe/.pico-sdk/sdk/2.2.0/lib/tinyusb/src/class/cdc/cdc_device.c.obj
                0x10005f6c                tud_cdc_n_write_available
 .text.cdcd_init
                0x10005f88       0xa4 CMakeFiles/electronic_tuner.dir/C_/Users/vigwe/.pico-sdk/sdk/2.2.0/lib/tinyusb/src/class/cdc/cdc_device.c.obj
                0x10005f88                cdcd_init
 .text.cdcd_deinit
                0x1000602c       0x40 CMakeFiles/electronic_tuner.dir/C_/Users/vigwe/.pico-sdk/sdk/2.2.0/lib/tinyusb/src/class/cdc/cdc_device.c.obj
                0x1000602c                cdcd_deinit
 .text.cdcd_reset
                0x1000606c       0x78 CMakeFiles/electronic_tuner.dir/C_/Users/vigwe/.pico-sdk/sdk/2.2.0/lib/tinyusb/src/class/cdc/cdc_device.c.obj
                0x1000606c                cdcd_reset
 .text.cdcd_open
                0x100060e4      0x124 CMakeFiles/electronic_tuner.dir/C_/Users/vigwe/.pico-sdk/sdk/2.2.0/lib/tinyusb/src/class/cdc/cdc_device.c.obj
                0x100060e4                cdcd_open
 .text.cdcd_control_xfer_cb
                0x10006208      0x120 CMakeFiles/electronic_tuner.dir/C_/Users/vigwe/.pico-sdk/sdk/2.2.0/lib/tinyusb/src/class/cdc/cdc_device.c.obj
                0x10006208                cdcd_control_xfer_cb
 .text.cdcd_xfer_cb
                0x10006328      0x138 CMakeFiles/electronic_tuner.dir/C_/Users/vigwe/.pico-sdk/sdk/2.2.0/lib/tinyusb/src/class/cdc/cdc_device.c.obj
                0x10006328                cdcd_xfer_cb
 .text.tud_vendor_n_mounted
                0x10006460       0x30 CMakeFiles/electronic_tuner.dir/C_/Users/vigwe/.pico-sdk/sdk/2.2.0/lib/tinyusb/src/class/vendor/vendor_device.c.obj
                0x10006460                tud_vendor_n_mounted
 .text.tud_vendor_n_write_flush
                0x10006490       0x20 CMakeFiles/electronic_tuner.dir/C_/Users/vigwe/.pico-sdk/sdk/2.2.0/lib/tinyusb/src/class/vendor/vendor_device.c.obj
                0x10006490                tud_vendor_n_write_flush
 .text.vendord_init
                0x100064b0       0x90 CMakeFiles/electronic_tuner.dir/C_/Users/vigwe/.pico-sdk/sdk/2.2.0/lib/tinyusb/src/class/vendor/vendor_device.c.obj
                0x100064b0                vendord_init
 .text.vendord_deinit
                0x10006540       0x30 CMakeFiles/electronic_tuner.dir/C_/Users/vigwe/.pico-sdk/sdk/2.2.0/lib/tinyusb/src/class/vendor/vendor_device.c.obj
                0x10006540                vendord_deinit
 .text.vendord_reset
                0x10006570       0x48 CMakeFiles/electronic_tuner.dir/C_/Users/vigwe/.pico-sdk/sdk/2.2.0/lib/tinyusb/src/class/vendor/vendor_device.c.obj
                0x10006570                vendord_reset
 .text.vendord_open
                0x100065b8      0x144 CMakeFiles/electronic_tuner.dir/C_/Users/vigwe/.pico-sdk/sdk/2.2.0/lib/tinyusb/src/class/vendor/vendor_device.c.obj
                0x100065b8                vendord_open
 .text.vendord_xfer_cb
                0x100066fc       0xb8 CMakeFiles/electronic_tuner.dir/C_/Users/vigwe/.pico-sdk/sdk/2.2.0/lib/tinyusb/src/class/vendor/vendor_device.c.obj
                0x100066fc                vendord_xfer_cb
 .text.tusb_rhport_init
                0x100067b4       0xac CMakeFiles/electronic_tuner.dir/C_/Users/vigwe/.pico-sdk/sdk/2.2.0/lib/tinyusb/src/tusb.c.obj
                0x100067b4                tusb_rhport_init
 .text.tu_edpt_claim
                0x10006860       0x50 CMakeFiles/electronic_tuner.dir/C_/Users/vigwe/.pico-sdk/sdk/2.2.0/lib/tinyusb/src/tusb.c.obj
                0x10006860                tu_edpt_claim
 .text.tu_edpt_release
                0x100068b0       0x3c CMakeFiles/electronic_tuner.dir/C_/Users/vigwe/.pico-sdk/sdk/2.2.0/lib/tinyusb/src/tusb.c.obj
                0x100068b0                tu_edpt_release
 .text.tu_edpt_validate
                0x100068ec       0xe0 CMakeFiles/electronic_tuner.dir/C_/Users/vigwe/.pico-sdk/sdk/2.2.0/lib/tinyusb/src/tusb.c.obj
                0x100068ec                tu_edpt_validate
 .text.tu_edpt_bind_driver
                0x100069cc       0x4a CMakeFiles/electronic_tuner.dir/C_/Users/vigwe/.pico-sdk/sdk/2.2.0/lib/tinyusb/src/tusb.c.obj
                0x100069cc                tu_edpt_bind_driver
 .text.tu_edpt_stream_init
                0x10006a16       0x54 CMakeFiles/electronic_tuner.dir/C_/Users/vigwe/.pico-sdk/sdk/2.2.0/lib/tinyusb/src/tusb.c.obj
                0x10006a16                tu_edpt_stream_init
 .text.tu_edpt_stream_deinit
                0x10006a6a        0x4 CMakeFiles/electronic_tuner.dir/C_/Users/vigwe/.pico-sdk/sdk/2.2.0/lib/tinyusb/src/tusb.c.obj
                0x10006a6a                tu_edpt_stream_deinit
 *fill*         0x10006a6e        0x2 
 .text.tu_edpt_stream_write_zlp_if_needed
                0x10006a70       0x90 CMakeFiles/electronic_tuner.dir/C_/Users/vigwe/.pico-sdk/sdk/2.2.0/lib/tinyusb/src/tusb.c.obj
                0x10006a70                tu_edpt_stream_write_zlp_if_needed
 .text.tu_edpt_stream_write_xfer
                0x10006b00       0x98 CMakeFiles/electronic_tuner.dir/C_/Users/vigwe/.pico-sdk/sdk/2.2.0/lib/tinyusb/src/tusb.c.obj
                0x10006b00                tu_edpt_stream_write_xfer
 .text.tu_edpt_stream_read_xfer
                0x10006b98      0x118 CMakeFiles/electronic_tuner.dir/C_/Users/vigwe/.pico-sdk/sdk/2.2.0/lib/tinyusb/src/tusb.c.obj
                0x10006b98                tu_edpt_stream_read_xfer
 .text.advance_index
                0x10006cb0       0x1a CMakeFiles/electronic_tuner.dir/C_/Users/vigwe/.pico-sdk/sdk/2.2.0/lib/tinyusb/src/common/tusb_fifo.c.obj
 .text._tu_fifo_peek
                0x10006cca       0x62 CMakeFiles/electronic_tuner.dir/C_/Users/vigwe/.pico-sdk/sdk/2.2.0/lib/tinyusb/src/common/tusb_fifo.c.obj
 .text._ff_pull_n
                0x10006d2c       0x68 CMakeFiles/electronic_tuner.dir/C_/Users/vigwe/.pico-sdk/sdk/2.2.0/lib/tinyusb/src/common/tusb_fifo.c.obj
 .text._tu_fifo_peek_n
                0x10006d94       0x6a CMakeFiles/electronic_tuner.dir/C_/Users/vigwe/.pico-sdk/sdk/2.2.0/lib/tinyusb/src/common/tusb_fifo.c.obj
 .text._tu_fifo_read_n
                0x10006dfe       0x4c CMakeFiles/electronic_tuner.dir/C_/Users/vigwe/.pico-sdk/sdk/2.2.0/lib/tinyusb/src/common/tusb_fifo.c.obj
 .text._ff_push_n
                0x10006e4a       0x66 CMakeFiles/electronic_tuner.dir/C_/Users/vigwe/.pico-sdk/sdk/2.2.0/lib/tinyusb/src/common/tusb_fifo.c.obj
 .text._tu_fifo_write_n
                0x10006eb0       0xf0 CMakeFiles/electronic_tuner.dir/C_/Users/vigwe/.pico-sdk/sdk/2.2.0/lib/tinyusb/src/common/tusb_fifo.c.obj
 .text.tu_fifo_config
                0x10006fa0       0x62 CMakeFiles/electronic_tuner.dir/C_/Users/vigwe/.pico-sdk/sdk/2.2.0/lib/tinyusb/src/common/tusb_fifo.c.obj
                0x10006fa0                tu_fifo_config
 .text.tu_fifo_count
                0x10007002       0x28 CMakeFiles/electronic_tuner.dir/C_/Users/vigwe/.pico-sdk/sdk/2.2.0/lib/tinyusb/src/common/tusb_fifo.c.obj
                0x10007002                tu_fifo_count
 .text.tu_fifo_empty
                0x1000702a       0x12 CMakeFiles/electronic_tuner.dir/C_/Users/vigwe/.pico-sdk/sdk/2.2.0/lib/tinyusb/src/common/tusb_fifo.c.obj
                0x1000702a                tu_fifo_empty
 .text.tu_fifo_full
                0x1000703c       0x28 CMakeFiles/electronic_tuner.dir/C_/Users/vigwe/.pico-sdk/sdk/2.2.0/lib/tinyusb/src/common/tusb_fifo.c.obj
                0x1000703c                tu_fifo_full
 .text.tu_fifo_remaining
                0x10007064       0x2c CMakeFiles/electronic_tuner.dir/C_/Users/vigwe/.pico-sdk/sdk/2.2.0/lib/tinyusb/src/common/tusb_fifo.c.obj
                0x10007064                tu_fifo_remaining
 .text.tu_fifo_read
                0x10007090       0x3e CMakeFiles/electronic_tuner.dir/C_/Users/vigwe/.pico-sdk/sdk/2.2.0/lib/tinyusb/src/common/tusb_fifo.c.obj
                0x10007090                tu_fifo_read
 .text.tu_fifo_read_n
                0x100070ce        0xa CMakeFiles/electronic_tuner.dir/C_/Users/vigwe/.pico-sdk/sdk/2.2.0/lib/tinyusb/src/common/tusb_fifo.c.obj
                0x100070ce                tu_fifo_read_n
 .text.tu_fifo_write
                0x100070d8       0x5e CMakeFiles/electronic_tuner.dir/C_/Users/vigwe/.pico-sdk/sdk/2.2.0/lib/tinyusb/src/common/tusb_fifo.c.obj
                0x100070d8                tu_fifo_write
 .text.tu_fifo_write_n
                0x10007136        0xa CMakeFiles/electronic_tuner.dir/C_/Users/vigwe/.pico-sdk/sdk/2.2.0/lib/tinyusb/src/common/tusb_fifo.c.obj
                0x10007136                tu_fifo_write_n
 .text.tu_fifo_clear
                0x10007140       0x36 CMakeFiles/electronic_tuner.dir/C_/Users/vigwe/.pico-sdk/sdk/2.2.0/lib/tinyusb/src/common/tusb_fifo.c.obj
                0x10007140                tu_fifo_clear
 .text.tu_fifo_set_overwritable
                0x10007176       0x3a CMakeFiles/electronic_tuner.dir/C_/Users/vigwe/.pico-sdk/sdk/2.2.0/lib/tinyusb/src/common/tusb_fifo.c.obj
                0x10007176                tu_fifo_set_overwritable
 .text.i2c_unreset
                0x100071b0       0x2c CMakeFiles/electronic_tuner.dir/C_/Users/vigwe/.pico-sdk/sdk/2.2.0/src/rp2_common/hardware_i2c/i2c.c.obj
 .text.i2c_write_blocking_internal
                0x100071dc      0x124 CMakeFiles/electronic_tuner.dir/C_/Users/vigwe/.pico-sdk/sdk/2.2.0/src/rp2_common/hardware_i2c/i2c.c.obj
 .text.i2c_read_blocking_internal
                0x10007300       0xca CMakeFiles/electronic_tuner.dir/C_/Users/vigwe/.pico-sdk/sdk/2.2.0/src/rp2_common/hardware_i2c/i2c.c.obj
 *fill*         0x100073ca        0x2 
 .text.i2c_set_baudrate
                0x100073cc       0xc8 CMakeFiles/electronic_tuner.dir/C_/Users/vigwe/.pico-sdk/sdk/2.2.0/src/rp2_common/hardware_i2c/i2c.c.obj
                0x100073cc                i2c_set_baudrate
 .text.i2c_init
                0x10007494       0x54 CMakeFiles/electronic_tuner.dir/C_/Users/vigwe/.pico-sdk/sdk/2.2.0/src/rp2_common/hardware_i2c/i2c.c.obj
                0x10007494                i2c_init
 .text.i2c_write_blocking
                0x100074e8       0x18 CMakeFiles/electronic_tuner.dir/C_/Users/vigwe/.pico-sdk/sdk/2.2.0/src/rp2_common/hardware_i2c/i2c.c.obj
                0x100074e8                i2c_write_blocking
 .text.i2c_read_blocking
                0x10007500       0x18 CMakeFiles/electronic_tuner.dir/C_/Users/vigwe/.pico-sdk/sdk/2.2.0/src/rp2_common/hardware_i2c/i2c.c.obj
                0x10007500                i2c_read_blocking
 .text.malloc   0x10007518       0x10 C:/Program Files (x86)/Arm GNU Toolchain arm-none-eabi/14.2 rel1/bin/../lib/gcc/arm-none-eabi/14.2.1/thumb/v8-m.main+fp/softfp\libg.a(libc_a-malloc.o)
                0x10007518                malloc
 .text._malloc_r
                0x10007528      0x578 C:/Program Files (x86)/Arm GNU Toolchain arm-none-eabi/14.2 rel1/bin/../lib/gcc/arm-none-eabi/14.2.1/thumb/v8-m.main+fp/softfp\libg.a(libc_a-mallocr.o)
                0x10007528                _malloc_r
 .text.__malloc_lock
                0x10007aa0        0xc C:/Program Files (x86)/Arm GNU Toolchain arm-none-eabi/14.2 rel1/bin/../lib/gcc/arm-none-eabi/14.2.1/thumb/v8-m.main+fp/softfp\libg.a(libc_a-mlock.o)
                0x10007aa0                __malloc_lock
 .text.__malloc_unlock
                0x10007aac        0xc C:/Program Files (x86)/Arm GNU Toolchain arm-none-eabi/14.2 rel1/bin/../lib/gcc/arm-none-eabi/14.2.1/thumb/v8-m.main+fp/softfp\libg.a(libc_a-mlock.o)
                0x10007aac                __malloc_unlock
 .text.rand     0x10007ab8       0x40 C:/Program Files (x86)/Arm GNU Toolchain arm-none-eabi/14.2 rel1/bin/../lib/gcc/arm-none-eabi/14.2.1/thumb/v8-m.main+fp/softfp\libg.a(libc_a-rand.o)
                0x10007ab8                rand
 .text.memset   0x10007af8       0x9c C:/Program Files (x86)/Arm GNU Toolchain arm-none-eabi/14.2 rel1/bin/../lib/gcc/arm-none-eabi/14.2.1/thumb/v8-m.main+fp/softfp\libg.a(libc_a-memset.o)
                0x10007af8                memset
 .text._sbrk_r  0x10007b94       0x24 C:/Program Files (x86)/Arm GNU Toolchain arm-none-eabi/14.2 rel1/bin/../lib/gcc/arm-none-eabi/14.2.1/thumb/v8-m.main+fp/softfp\libg.a(libc_a-sbrkr.o)
                0x10007b94                _sbrk_r
 .text.__errno  0x10007bb8        0xc C:/Program Files (x86)/Arm GNU Toolchain arm-none-eabi/14.2 rel1/bin/../lib/gcc/arm-none-eabi/14.2.1/thumb/v8-m.main+fp/softfp\libg.a(libc_a-errno.o)
                0x10007bb8                __errno
 .text.__retarget_lock_acquire_recursive
                0x10007bc4        0x4 C:/Program Files (x86)/Arm GNU Toolchain arm-none-eabi/14.2 rel1/bin/../lib/gcc/arm-none-eabi/14.2.1/thumb/v8-m.main+fp/softfp\libg.a(libc_a-lock.o)
                0x10007bc4                __retarget_lock_acquire_recursive
 .text.__retarget_lock_release_recursive
                0x10007bc8        0x4 C:/Program Files (x86)/Arm GNU Toolchain arm-none-eabi/14.2 rel1/bin/../lib/gcc/arm-none-eabi/14.2.1/thumb/v8-m.main+fp/softfp\libg.a(libc_a-lock.o)
                0x10007bc8                __retarget_lock_release_recursive
 .text.sysconf  0x10007bcc       0x1c C:/Program Files (x86)/Arm GNU Toolchain arm-none-eabi/14.2 rel1/bin/../lib/gcc/arm-none-eabi/14.2.1/thumb/v8-m.main+fp/softfp\libg.a(libc_a-sysconf.o)
                0x10007bcc                sysconf
 .text          0x10007be8       0xec C:/Program Files (x86)/Arm GNU Toolchain arm-none-eabi/14.2 rel1/bin/../lib/gcc/arm-none-eabi/14.2.1/thumb/v8-m.main+fp/softfp\libg.a(libc_a-memcpy.o)
                0x10007be8                memcpy
 .text.strlen   0x10007cd4       0x5c C:/Program Files (x86)/Arm GNU Toolchain arm-none-eabi/14.2 rel1/bin/../lib/gcc/arm-none-eabi/14.2.1/thumb/v8-m.main+fp/softfp\libg.a(libc_a-strlen-stub.o)
                0x10007cd4                strlen
 .text._malloc_trim_r
                0x10007d30       0xb8 C:/Program Files (x86)/Arm GNU Toolchain arm-none-eabi/14.2 rel1/bin/../lib/gcc/arm-none-eabi/14.2.1/thumb/v8-m.main+fp/softfp\libg.a(libc_a-freer.o)
                0x10007d30                _malloc_trim_r
 .text._free_r  0x10007de8      0x1e8 C:/Program Files (x86)/Arm GNU Toolchain arm-none-eabi/14.2 rel1/bin/../lib/gcc/arm-none-eabi/14.2.1/thumb/v8-m.main+fp/softfp\libg.a(libc_a-freer.o)
                0x10007de8                _free_r
 *(.fini)
 .fini          0x10007fd0        0x4 C:/Program Files (x86)/Arm GNU Toolchain arm-none-eabi/14.2 rel1/bin/../lib/gcc/arm-none-eabi/14.2.1/thumb/v8-m.main+fp/softfp/crti.o
                0x10007fd0                _fini
 *fill*         0x10007fd4        0x4 
 .fini.__stub   0x10007fd8       0x58 linker stubs
 *crtbegin.o(.ctors)
 *crtbegin?.o(.ctors)
 *(EXCLUDE_FILE(*crtend.o *crtend?.o) .ctors)
 *(SORT_BY_NAME(.ctors.*))
 *(.ctors)
 *crtbegin.o(.dtors)
 *crtbegin?.o(.dtors)
 *(EXCLUDE_FILE(*crtend.o *crtend?.o) .dtors)
 *(SORT_BY_NAME(.dtors.*))
 *(.dtors)
                0x10008030                        . = ALIGN (0x4)
                0x10008030                        PROVIDE (__preinit_array_start = .)
 *(SORT_BY_NAME(.preinit_array.*))
 .preinit_array.00050
                0x10008030        0x4 CMakeFiles/electronic_tuner.dir/C_/Users/vigwe/.pico-sdk/sdk/2.2.0/src/rp2_common/pico_runtime_init/runtime_init.c.obj
                0x10008030                __pre_init_runtime_init_bootrom_reset
 .preinit_array.00100
                0x10008034        0x4 CMakeFiles/electronic_tuner.dir/C_/Users/vigwe/.pico-sdk/sdk/2.2.0/src/rp2_common/pico_runtime_init/runtime_init.c.obj
                0x10008034                __pre_init_runtime_init_early_resets
 .preinit_array.00101
                0x10008038        0x4 CMakeFiles/electronic_tuner.dir/C_/Users/vigwe/.pico-sdk/sdk/2.2.0/src/rp2_common/pico_runtime_init/runtime_init.c.obj
                0x10008038                __pre_init_runtime_init_usb_power_down
 .preinit_array.00500
                0x1000803c        0x4 CMakeFiles/electronic_tuner.dir/C_/Users/vigwe/.pico-sdk/sdk/2.2.0/src/rp2_common/pico_runtime_init/runtime_init.c.obj
                0x1000803c                __pre_init_runtime_init_clocks
 .preinit_array.00600
                0x10008040        0x4 CMakeFiles/electronic_tuner.dir/C_/Users/vigwe/.pico-sdk/sdk/2.2.0/src/rp2_common/pico_runtime_init/runtime_init.c.obj
                0x10008040                __pre_init_runtime_init_post_clock_resets
 .preinit_array.01000
                0x10008044        0x4 CMakeFiles/electronic_tuner.dir/C_/Users/vigwe/.pico-sdk/sdk/2.2.0/src/rp2_common/hardware_boot_lock/boot_lock.c.obj
                0x10008044                __pre_init_runtime_init_boot_locks_reset
 .preinit_array.01000
                0x10008048        0x4 CMakeFiles/electronic_tuner.dir/C_/Users/vigwe/.pico-sdk/sdk/2.2.0/src/rp2_common/pico_runtime_init/runtime_init.c.obj
                0x10008048                __pre_init_runtime_init_spin_locks_reset
 .preinit_array.01010
                0x1000804c        0x4 CMakeFiles/electronic_tuner.dir/C_/Users/vigwe/.pico-sdk/sdk/2.2.0/src/rp2_common/pico_bootrom/bootrom_lock.c.obj
                0x1000804c                __pre_init_runtime_init_bootrom_locking_enable
 .preinit_array.01100
                0x10008050        0x4 CMakeFiles/electronic_tuner.dir/C_/Users/vigwe/.pico-sdk/sdk/2.2.0/src/common/pico_sync/mutex.c.obj
                0x10008050                __pre_init_runtime_init_mutex
 .preinit_array.10080
                0x10008054        0x4 CMakeFiles/electronic_tuner.dir/C_/Users/vigwe/.pico-sdk/sdk/2.2.0/src/rp2_common/pico_runtime_init/runtime_init.c.obj
                0x10008054                __pre_init_runtime_init_install_ram_vector_table
 .preinit_array.11000
                0x10008058        0x4 CMakeFiles/electronic_tuner.dir/C_/Users/vigwe/.pico-sdk/sdk/2.2.0/src/common/pico_time/time.c.obj
                0x10008058                __pre_init_runtime_init_default_alarm_pool
 .preinit_array.YYYYY
                0x1000805c        0x4 CMakeFiles/electronic_tuner.dir/C_/Users/vigwe/.pico-sdk/sdk/2.2.0/src/rp2_common/pico_runtime/runtime.c.obj
                0x1000805c                __pre_init_first_per_core_initializer
 .preinit_array.ZZZZZ.00051
                0x10008060        0x4 CMakeFiles/electronic_tuner.dir/C_/Users/vigwe/.pico-sdk/sdk/2.2.0/src/rp2_common/pico_runtime_init/runtime_init.c.obj
                0x10008060                __pre_init_runtime_init_per_core_bootrom_reset
 .preinit_array.ZZZZZ.00200
                0x10008064        0x4 CMakeFiles/electronic_tuner.dir/C_/Users/vigwe/.pico-sdk/sdk/2.2.0/src/rp2_common/pico_runtime_init/runtime_init.c.obj
                0x10008064                __pre_init_runtime_init_per_core_enable_coprocessors
 .preinit_array.ZZZZZ.01000
                0x10008068        0x4 CMakeFiles/electronic_tuner.dir/C_/Users/vigwe/.pico-sdk/sdk/2.2.0/src/rp2_common/hardware_sync_spin_lock/sync_spin_lock.c.obj
                0x10008068                __pre_init_spinlock_set_extexclall
 .preinit_array.ZZZZZ.01200
                0x1000806c        0x4 CMakeFiles/electronic_tuner.dir/C_/Users/vigwe/.pico-sdk/sdk/2.2.0/src/rp2_common/hardware_irq/irq.c.obj
                0x1000806c                __pre_init_runtime_init_per_core_irq_priorities
 *(.preinit_array)
                0x10008070                        PROVIDE (__preinit_array_end = .)
                0x10008070                        . = ALIGN (0x4)
                0x10008070                        PROVIDE (__init_array_start = .)
 *(SORT_BY_NAME(.init_array.*))
 .init_array.01000
                0x10008070        0x4 CMakeFiles/electronic_tuner.dir/C_/Users/vigwe/.pico-sdk/sdk/2.2.0/src/rp2_common/pico_unique_id/unique_id.c.obj
 *(.init_array)
 .init_array    0x10008074        0x4 C:/Program Files (x86)/Arm GNU Toolchain arm-none-eabi/14.2 rel1/bin/../lib/gcc/arm-none-eabi/14.2.1/thumb/v8-m.main+fp/softfp/crtbegin.o
                0x10008078                        PROVIDE (__init_array_end = .)
                0x10008078                        . = ALIGN (0x4)
                [!provide]                        PROVIDE (__fini_array_start = .)
 *(SORT_BY_NAME(.fini_array.*))
 *(.fini_array)
                [!provide]                        PROVIDE (__fini_array_end = .)
 *(.eh_frame*)
 .eh_frame      0x10008078        0x0 C:/Program Files (x86)/Arm GNU Toolchain arm-none-eabi/14.2 rel1/bin/../lib/gcc/arm-none-eabi/14.2.1/thumb/v8-m.main+fp/softfp/crtbegin.o
                0x10008078                        . = ALIGN (0x4)

.glue_7         0x10008078        0x0
 .glue_7        0x10008078        0x0 linker stubs

.glue_7t        0x10008078        0x0
 .glue_7t       0x10008078        0x0 linker stubs

.vfp11_veneer   0x10008078        0x0
 .vfp11_veneer  0x10008078        0x0 linker stubs

.v4_bx          0x10008078        0x0
 .v4_bx         0x10008078        0x0 linker stubs

.iplt           0x10008078        0x0
 .iplt          0x10008078        0x0 C:/Program Files (x86)/Arm GNU Toolchain arm-none-eabi/14.2 rel1/bin/../lib/gcc/arm-none-eabi/14.2.1/thumb/v8-m.main+fp/softfp/crtbegin.o

.boot2          0x10008078        0x0
                0x10008078                        __boot2_start__ = .
 *(.boot2)
                0x10008078                        __boot2_end__ = .
                0x00000001                        ASSERT (((__boot2_end__ - __boot2_start__) <= 0x100), ERROR: Pico second stage bootloader must be no more than 256 bytes in size)

.rodata         0x10008078     0x2340
 *(EXCLUDE_FILE(*libm.a: *libc.a:*lib_a-mem*.o *libgcc.a:) .rodata*)
 .rodata.scan_i2c_bus.str1.4
                0x10008078      0x9d5 CMakeFiles/electronic_tuner.dir/electronic_tuner.c.obj
                                 0x43 (size before relaxing)
 .rodata.demo_write.str1.4
                0x10008a4d       0x49 CMakeFiles/electronic_tuner.dir/electronic_tuner.c.obj
 .rodata.demo_contrast.str1.4
                0x10008a4d        0xd CMakeFiles/electronic_tuner.dir/electronic_tuner.c.obj
 .rodata.demo_invert.str1.4
                0x10008a4d        0xd CMakeFiles/electronic_tuner.dir/electronic_tuner.c.obj
 .rodata.demo_power_onoff.str1.4
                0x10008a4d       0x18 CMakeFiles/electronic_tuner.dir/electronic_tuner.c.obj
 .rodata.main.str1.4
                0x10008a4d       0x10 CMakeFiles/electronic_tuner.dir/electronic_tuner.c.obj
 *fill*         0x10008a4d        0x3 
 .rodata.image_pico_board
                0x10008a50        0xc CMakeFiles/electronic_tuner.dir/electronic_tuner.c.obj
 .rodata.image_pico_board_data
                0x10008a5c      0xc40 CMakeFiles/electronic_tuner.dir/electronic_tuner.c.obj
 .rodata.font8x8_font
                0x1000969c        0x8 CMakeFiles/electronic_tuner.dir/electronic_tuner.c.obj
 .rodata.font8x8
                0x100096a4      0x300 CMakeFiles/electronic_tuner.dir/electronic_tuner.c.obj
 .rodata.font6x8_font
                0x100099a4        0x8 CMakeFiles/electronic_tuner.dir/electronic_tuner.c.obj
 .rodata.font6x8
                0x100099ac      0x240 CMakeFiles/electronic_tuner.dir/electronic_tuner.c.obj
 .rodata.font5x8_font
                0x10009bec        0x8 CMakeFiles/electronic_tuner.dir/electronic_tuner.c.obj
 .rodata.font5x8
                0x10009bf4      0x1e0 CMakeFiles/electronic_tuner.dir/electronic_tuner.c.obj
 .rodata        0x10009dd4       0x28 CMakeFiles/electronic_tuner.dir/electronic_tuner.c.obj
 .rodata.panic.str1.4
                0x10009dfc       0x12 CMakeFiles/electronic_tuner.dir/C_/Users/vigwe/.pico-sdk/sdk/2.2.0/src/rp2_common/pico_platform_panic/panic.c.obj
 .rodata.spin_lock_claim_unused.str1.4
                0x10009dfc       0x1b CMakeFiles/electronic_tuner.dir/C_/Users/vigwe/.pico-sdk/sdk/2.2.0/src/rp2_common/hardware_sync/sync.c.obj
 .rodata.resolve_j_16.str1.4
                0x10009dfc       0x5d CMakeFiles/electronic_tuner.dir/C_/Users/vigwe/.pico-sdk/sdk/2.2.0/src/rp2_common/hardware_irq/irq.c.obj
 .rodata.make_j_16.str1.4
                0x10009dfc       0x30 CMakeFiles/electronic_tuner.dir/C_/Users/vigwe/.pico-sdk/sdk/2.2.0/src/rp2_common/hardware_irq/irq.c.obj
 .rodata.irq_set_exclusive_handler.str1.4
                0x10009dfc       0x36 CMakeFiles/electronic_tuner.dir/C_/Users/vigwe/.pico-sdk/sdk/2.2.0/src/rp2_common/hardware_irq/irq.c.obj
 .rodata.irq_add_shared_handler.str1.4
                0x10009dfc       0xd2 CMakeFiles/electronic_tuner.dir/C_/Users/vigwe/.pico-sdk/sdk/2.2.0/src/rp2_common/hardware_irq/irq.c.obj
 .rodata.irq_add_tail_to_free_list.str1.4
                0x10009dfc       0x3a CMakeFiles/electronic_tuner.dir/C_/Users/vigwe/.pico-sdk/sdk/2.2.0/src/rp2_common/hardware_irq/irq.c.obj
 .rodata.user_irq_claim_unused.str1.4
                0x10009dfc       0x1b CMakeFiles/electronic_tuner.dir/C_/Users/vigwe/.pico-sdk/sdk/2.2.0/src/rp2_common/hardware_irq/irq.c.obj
 .rodata.__func__.0
                0x10009dfc       0x1a CMakeFiles/electronic_tuner.dir/C_/Users/vigwe/.pico-sdk/sdk/2.2.0/src/rp2_common/hardware_irq/irq.c.obj
 *fill*         0x10009e16        0x2 
 .rodata.__func__.3
                0x10009e18        0xa CMakeFiles/electronic_tuner.dir/C_/Users/vigwe/.pico-sdk/sdk/2.2.0/src/rp2_common/hardware_irq/irq.c.obj
 *fill*         0x10009e22        0x2 
 .rodata.__func__.4
                0x10009e24        0xd CMakeFiles/electronic_tuner.dir/C_/Users/vigwe/.pico-sdk/sdk/2.2.0/src/rp2_common/hardware_irq/irq.c.obj
 *fill*         0x10009e31        0x3 
 .rodata.__func__.5
                0x10009e34       0x17 CMakeFiles/electronic_tuner.dir/C_/Users/vigwe/.pico-sdk/sdk/2.2.0/src/rp2_common/hardware_irq/irq.c.obj
 *fill*         0x10009e4b        0x1 
 .rodata.__func__.6
                0x10009e4c       0x1a CMakeFiles/electronic_tuner.dir/C_/Users/vigwe/.pico-sdk/sdk/2.2.0/src/rp2_common/hardware_irq/irq.c.obj
 .rodata.runtime_init_mutex.str1.4
                0x10009e66       0x60 CMakeFiles/electronic_tuner.dir/C_/Users/vigwe/.pico-sdk/sdk/2.2.0/src/common/pico_sync/mutex.c.obj
 .rodata.str1.4
                0x10009e66       0x51 CMakeFiles/electronic_tuner.dir/C_/Users/vigwe/.pico-sdk/sdk/2.2.0/src/common/pico_sync/mutex.c.obj
 *fill*         0x10009e66        0x2 
 .rodata.__func__.1
                0x10009e68        0xb CMakeFiles/electronic_tuner.dir/C_/Users/vigwe/.pico-sdk/sdk/2.2.0/src/common/pico_sync/mutex.c.obj
 *fill*         0x10009e73        0x1 
 .rodata.__func__.3
                0x10009e74       0x18 CMakeFiles/electronic_tuner.dir/C_/Users/vigwe/.pico-sdk/sdk/2.2.0/src/common/pico_sync/mutex.c.obj
 .rodata.__func__.6
                0x10009e8c       0x13 CMakeFiles/electronic_tuner.dir/C_/Users/vigwe/.pico-sdk/sdk/2.2.0/src/common/pico_sync/mutex.c.obj
 .rodata.alarm_pool_irq_handler.str1.4
                0x10009e9f       0x6b CMakeFiles/electronic_tuner.dir/C_/Users/vigwe/.pico-sdk/sdk/2.2.0/src/common/pico_time/time.c.obj
 .rodata.alarm_pool_get_default.str1.4
                0x10009e9f       0x21 CMakeFiles/electronic_tuner.dir/C_/Users/vigwe/.pico-sdk/sdk/2.2.0/src/common/pico_time/time.c.obj
 .rodata.sleep_until.str1.4
                0x10009e9f       0x4d CMakeFiles/electronic_tuner.dir/C_/Users/vigwe/.pico-sdk/sdk/2.2.0/src/common/pico_time/time.c.obj
 *fill*         0x10009e9f        0x1 
 .rodata.__func__.1
                0x10009ea0       0x17 CMakeFiles/electronic_tuner.dir/C_/Users/vigwe/.pico-sdk/sdk/2.2.0/src/common/pico_time/time.c.obj
 *fill*         0x10009eb7        0x1 
 .rodata.__func__.2
                0x10009eb8       0x17 CMakeFiles/electronic_tuner.dir/C_/Users/vigwe/.pico-sdk/sdk/2.2.0/src/common/pico_time/time.c.obj
 .rodata.timer_hardware_alarm_claim.str1.4
                0x10009ecf       0x22 CMakeFiles/electronic_tuner.dir/C_/Users/vigwe/.pico-sdk/sdk/2.2.0/src/rp2_common/hardware_timer/timer.c.obj
 .rodata.pll_init.str1.4
                0x10009ecf      0x11c CMakeFiles/electronic_tuner.dir/C_/Users/vigwe/.pico-sdk/sdk/2.2.0/src/rp2_common/hardware_pll/pll.c.obj
 *fill*         0x10009ecf        0x1 
 .rodata.__func__.0
                0x10009ed0        0x9 CMakeFiles/electronic_tuner.dir/C_/Users/vigwe/.pico-sdk/sdk/2.2.0/src/rp2_common/hardware_pll/pll.c.obj
 .rodata.check_alloc.str1.4
                0x10009ed9        0xe CMakeFiles/electronic_tuner.dir/C_/Users/vigwe/.pico-sdk/sdk/2.2.0/src/rp2_common/pico_malloc/malloc.c.obj
 .rodata.str1.4
                0x10009ed9       0x4c CMakeFiles/electronic_tuner.dir/C_/Users/vigwe/.pico-sdk/sdk/2.2.0/src/rp2_common/pico_standard_binary_info/standard_binary_info.c.obj
 *fill*         0x10009ed9        0x3 
 .rodata.__bi_84
                0x10009edc        0xc CMakeFiles/electronic_tuner.dir/C_/Users/vigwe/.pico-sdk/sdk/2.2.0/src/rp2_common/pico_standard_binary_info/standard_binary_info.c.obj
 .rodata.__bi_78
                0x10009ee8        0xc CMakeFiles/electronic_tuner.dir/C_/Users/vigwe/.pico-sdk/sdk/2.2.0/src/rp2_common/pico_standard_binary_info/standard_binary_info.c.obj
 .rodata.__bi_60
                0x10009ef4        0xc CMakeFiles/electronic_tuner.dir/C_/Users/vigwe/.pico-sdk/sdk/2.2.0/src/rp2_common/pico_standard_binary_info/standard_binary_info.c.obj
 .rodata.__bi_54
                0x10009f00        0xc CMakeFiles/electronic_tuner.dir/C_/Users/vigwe/.pico-sdk/sdk/2.2.0/src/rp2_common/pico_standard_binary_info/standard_binary_info.c.obj
 .rodata.__bi_48
                0x10009f0c        0xc CMakeFiles/electronic_tuner.dir/C_/Users/vigwe/.pico-sdk/sdk/2.2.0/src/rp2_common/pico_standard_binary_info/standard_binary_info.c.obj
 .rodata.__bi_42
                0x10009f18        0xc CMakeFiles/electronic_tuner.dir/C_/Users/vigwe/.pico-sdk/sdk/2.2.0/src/rp2_common/pico_standard_binary_info/standard_binary_info.c.obj
 .rodata.__bi_34
                0x10009f24        0xc CMakeFiles/electronic_tuner.dir/C_/Users/vigwe/.pico-sdk/sdk/2.2.0/src/rp2_common/pico_standard_binary_info/standard_binary_info.c.obj
 .rodata.__bi_26
                0x10009f30        0xc CMakeFiles/electronic_tuner.dir/C_/Users/vigwe/.pico-sdk/sdk/2.2.0/src/rp2_common/pico_standard_binary_info/standard_binary_info.c.obj
 .rodata._ftoa.str1.4
                0x10009f3c       0x15 CMakeFiles/electronic_tuner.dir/C_/Users/vigwe/.pico-sdk/sdk/2.2.0/src/rp2_common/pico_printf/printf.c.obj
 *fill*         0x10009f3c        0x4 
 .rodata.pow10.0
                0x10009f40       0x50 CMakeFiles/electronic_tuner.dir/C_/Users/vigwe/.pico-sdk/sdk/2.2.0/src/rp2_common/pico_printf/printf.c.obj
 .rodata.__assert_func.str1.4
                0x10009f90       0x43 CMakeFiles/electronic_tuner.dir/C_/Users/vigwe/.pico-sdk/sdk/2.2.0/src/rp2_common/pico_clib_interface/newlib_interface.c.obj
 .rodata.crlf_str.0
                0x10009f90        0x2 CMakeFiles/electronic_tuner.dir/C_/Users/vigwe/.pico-sdk/sdk/2.2.0/src/rp2_common/pico_stdio/stdio.c.obj
 *fill*         0x10009f92        0x2 
 .rodata._resetd_driver
                0x10009f94       0x20 CMakeFiles/electronic_tuner.dir/C_/Users/vigwe/.pico-sdk/sdk/2.2.0/src/rp2_common/pico_stdio_usb/reset_interface.c.obj
 .rodata.desc_ms_os_20
                0x10009fb4       0xa6 CMakeFiles/electronic_tuner.dir/C_/Users/vigwe/.pico-sdk/sdk/2.2.0/src/rp2_common/pico_stdio_usb/reset_interface.c.obj
 *fill*         0x1000a05a        0x2 
 .rodata.desc_bos
                0x1000a05c       0x21 CMakeFiles/electronic_tuner.dir/C_/Users/vigwe/.pico-sdk/sdk/2.2.0/src/rp2_common/pico_stdio_usb/reset_interface.c.obj
                0x1000a05c                desc_bos
 .rodata.stdio_usb_init.str1.4
                0x1000a07d       0x55 CMakeFiles/electronic_tuner.dir/C_/Users/vigwe/.pico-sdk/sdk/2.2.0/src/rp2_common/pico_stdio_usb/stdio_usb.c.obj
 .rodata.str1.4
                0x1000a07d       0x13 CMakeFiles/electronic_tuner.dir/C_/Users/vigwe/.pico-sdk/sdk/2.2.0/src/rp2_common/pico_stdio_usb/stdio_usb.c.obj
 *fill*         0x1000a07d        0x3 
 .rodata.__bi_202.1
                0x1000a080        0xc CMakeFiles/electronic_tuner.dir/C_/Users/vigwe/.pico-sdk/sdk/2.2.0/src/rp2_common/pico_stdio_usb/stdio_usb.c.obj
 .rodata.__func__.2
                0x1000a08c        0xf CMakeFiles/electronic_tuner.dir/C_/Users/vigwe/.pico-sdk/sdk/2.2.0/src/rp2_common/pico_stdio_usb/stdio_usb.c.obj
 .rodata.str1.4
                0x1000a09b       0x2a CMakeFiles/electronic_tuner.dir/C_/Users/vigwe/.pico-sdk/sdk/2.2.0/src/rp2_common/pico_stdio_usb/stdio_usb_descriptors.c.obj
 *fill*         0x1000a09b        0x1 
 .rodata.usbd_desc_str
                0x1000a09c       0x18 CMakeFiles/electronic_tuner.dir/C_/Users/vigwe/.pico-sdk/sdk/2.2.0/src/rp2_common/pico_stdio_usb/stdio_usb_descriptors.c.obj
 .rodata.usbd_desc_cfg
                0x1000a0b4       0x54 CMakeFiles/electronic_tuner.dir/C_/Users/vigwe/.pico-sdk/sdk/2.2.0/src/rp2_common/pico_stdio_usb/stdio_usb_descriptors.c.obj
 .rodata.usbd_desc_device
                0x1000a108       0x12 CMakeFiles/electronic_tuner.dir/C_/Users/vigwe/.pico-sdk/sdk/2.2.0/src/rp2_common/pico_stdio_usb/stdio_usb_descriptors.c.obj
 .rodata._retrieve_unique_id_on_boot.str1.4